[2024-11-29T09:56:48.545-0800][gc] Using G1
[2024-11-29T09:56:48.546-0800][gc,init] Version: 17.0.11+7-LTS-207 (release)
[2024-11-29T09:56:48.546-0800][gc,init] CPUs: 12 total, 12 available
[2024-11-29T09:56:48.546-0800][gc,init] Memory: 24576M
[2024-11-29T09:56:48.546-0800][gc,init] Large Page Support: Disabled
[2024-11-29T09:56:48.546-0800][gc,init] NUMA Support: Disabled
[2024-11-29T09:56:48.546-0800][gc,init] Compressed Oops: Enabled (Zero based)
[2024-11-29T09:56:48.546-0800][gc,init] Heap Region Size: 1M
[2024-11-29T09:56:48.546-0800][gc,init] Heap Min Capacity: 1G
[2024-11-29T09:56:48.546-0800][gc,init] Heap Initial Capacity: 1G
[2024-11-29T09:56:48.546-0800][gc,init] Heap Max Capacity: 1G
[2024-11-29T09:56:48.546-0800][gc,init] Pre-touch: Disabled
[2024-11-29T09:56:48.546-0800][gc,init] Parallel Workers: 10
[2024-11-29T09:56:48.546-0800][gc,init] Concurrent Workers: 3
[2024-11-29T09:56:48.546-0800][gc,init] Concurrent Refinement Workers: 10
[2024-11-29T09:56:48.546-0800][gc,init] Periodic GC: Disabled
[2024-11-29T09:56:48.548-0800][gc,metaspace] CDS archive(s) mapped at: [0x0000008800000000-0x0000008800be0000-0x0000008800be0000), size 12451840, SharedBaseAddress: 0x0000008800000000, ArchiveRelocationMode: 1.
[2024-11-29T09:56:48.548-0800][gc,metaspace] Compressed class space mapped at: 0x0000008801000000-0x0000008841000000, reserved size: 1073741824
[2024-11-29T09:56:48.548-0800][gc,metaspace] Narrow klass base: 0x0000008800000000, Narrow klass shift: 0, Narrow klass range: 0x100000000
[2024-11-29T09:56:49.025-0800][gc,start    ] GC(0) Pause Young (Normal) (G1 Evacuation Pause)
[2024-11-29T09:56:49.025-0800][gc,task     ] GC(0) Using 10 workers of 10 for evacuation
[2024-11-29T09:56:49.028-0800][gc,phases   ] GC(0)   Pre Evacuate Collection Set: 0.1ms
[2024-11-29T09:56:49.028-0800][gc,phases   ] GC(0)   Merge Heap Roots: 0.3ms
[2024-11-29T09:56:49.028-0800][gc,phases   ] GC(0)   Evacuate Collection Set: 1.9ms
[2024-11-29T09:56:49.028-0800][gc,phases   ] GC(0)   Post Evacuate Collection Set: 0.2ms
[2024-11-29T09:56:49.028-0800][gc,phases   ] GC(0)   Other: 0.2ms
[2024-11-29T09:56:49.028-0800][gc,heap     ] GC(0) Eden regions: 51->0(44)
[2024-11-29T09:56:49.028-0800][gc,heap     ] GC(0) Survivor regions: 0->7(7)
[2024-11-29T09:56:49.028-0800][gc,heap     ] GC(0) Old regions: 0->2
[2024-11-29T09:56:49.028-0800][gc,heap     ] GC(0) Archive regions: 2->2
[2024-11-29T09:56:49.028-0800][gc,heap     ] GC(0) Humongous regions: 0->0
[2024-11-29T09:56:49.028-0800][gc,metaspace] GC(0) Metaspace: 17981K(18176K)->17981K(18176K) NonClass: 15611K(15744K)->15611K(15744K) Class: 2369K(2432K)->2369K(2432K)
[2024-11-29T09:56:49.028-0800][gc          ] GC(0) Pause Young (Normal) (G1 Evacuation Pause) 51M->8M(1024M) 2.798ms
[2024-11-29T09:56:49.028-0800][gc,cpu      ] GC(0) User=0.01s Sys=0.00s Real=0.00s
[2024-11-29T09:56:49.132-0800][gc,start    ] GC(1) Pause Young (Concurrent Start) (GCLocker Initiated GC)
[2024-11-29T09:56:49.132-0800][gc,task     ] GC(1) Using 10 workers of 10 for evacuation
[2024-11-29T09:56:49.134-0800][gc,phases   ] GC(1)   Pre Evacuate Collection Set: 0.1ms
[2024-11-29T09:56:49.134-0800][gc,phases   ] GC(1)   Merge Heap Roots: 0.0ms
[2024-11-29T09:56:49.134-0800][gc,phases   ] GC(1)   Evacuate Collection Set: 1.2ms
[2024-11-29T09:56:49.134-0800][gc,phases   ] GC(1)   Post Evacuate Collection Set: 0.2ms
[2024-11-29T09:56:49.134-0800][gc,phases   ] GC(1)   Other: 0.1ms
[2024-11-29T09:56:49.134-0800][gc,heap     ] GC(1) Eden regions: 13->0(49)
[2024-11-29T09:56:49.134-0800][gc,heap     ] GC(1) Survivor regions: 7->2(7)
[2024-11-29T09:56:49.134-0800][gc,heap     ] GC(1) Old regions: 2->8
[2024-11-29T09:56:49.134-0800][gc,heap     ] GC(1) Archive regions: 2->2
[2024-11-29T09:56:49.134-0800][gc,heap     ] GC(1) Humongous regions: 129->129
[2024-11-29T09:56:49.134-0800][gc,metaspace] GC(1) Metaspace: 21296K(21568K)->21296K(21568K) NonClass: 18426K(18560K)->18426K(18560K) Class: 2870K(3008K)->2870K(3008K)
[2024-11-29T09:56:49.134-0800][gc          ] GC(1) Pause Young (Concurrent Start) (GCLocker Initiated GC) 150M->139M(1024M) 1.636ms
[2024-11-29T09:56:49.134-0800][gc,cpu      ] GC(1) User=0.01s Sys=0.00s Real=0.00s
[2024-11-29T09:56:49.134-0800][gc          ] GC(2) Concurrent Mark Cycle
[2024-11-29T09:56:49.134-0800][gc,marking  ] GC(2) Concurrent Clear Claimed Marks
[2024-11-29T09:56:49.134-0800][gc,marking  ] GC(2) Concurrent Clear Claimed Marks 0.008ms
[2024-11-29T09:56:49.134-0800][gc,marking  ] GC(2) Concurrent Scan Root Regions
[2024-11-29T09:56:49.134-0800][gc,marking  ] GC(2) Concurrent Scan Root Regions 0.633ms
[2024-11-29T09:56:49.134-0800][gc,marking  ] GC(2) Concurrent Mark
[2024-11-29T09:56:49.134-0800][gc,marking  ] GC(2) Concurrent Mark From Roots
[2024-11-29T09:56:49.134-0800][gc,task     ] GC(2) Using 3 workers of 3 for marking
[2024-11-29T09:56:49.135-0800][gc,marking  ] GC(2) Concurrent Mark From Roots 0.879ms
[2024-11-29T09:56:49.135-0800][gc,marking  ] GC(2) Concurrent Preclean
[2024-11-29T09:56:49.135-0800][gc,marking  ] GC(2) Concurrent Preclean 0.012ms
[2024-11-29T09:56:49.135-0800][gc,start    ] GC(2) Pause Remark
[2024-11-29T09:56:49.136-0800][gc          ] GC(2) Pause Remark 140M->140M(1024M) 0.641ms
[2024-11-29T09:56:49.136-0800][gc,cpu      ] GC(2) User=0.01s Sys=0.00s Real=0.00s
[2024-11-29T09:56:49.136-0800][gc,marking  ] GC(2) Concurrent Mark 1.621ms
[2024-11-29T09:56:49.136-0800][gc,marking  ] GC(2) Concurrent Rebuild Remembered Sets
[2024-11-29T09:56:49.136-0800][gc,marking  ] GC(2) Concurrent Rebuild Remembered Sets 0.003ms
[2024-11-29T09:56:49.136-0800][gc,start    ] GC(2) Pause Cleanup
[2024-11-29T09:56:49.136-0800][gc          ] GC(2) Pause Cleanup 140M->140M(1024M) 0.004ms
[2024-11-29T09:56:49.136-0800][gc,cpu      ] GC(2) User=0.00s Sys=0.00s Real=0.00s
[2024-11-29T09:56:49.136-0800][gc,marking  ] GC(2) Concurrent Cleanup for Next Mark
[2024-11-29T09:56:49.137-0800][gc,marking  ] GC(2) Concurrent Cleanup for Next Mark 0.915ms
[2024-11-29T09:56:49.137-0800][gc          ] GC(2) Concurrent Mark Cycle 3.398ms
[2024-11-29T09:56:49.347-0800][gc,start    ] GC(3) Pause Young (Normal) (GCLocker Initiated GC)
[2024-11-29T09:56:49.347-0800][gc,task     ] GC(3) Using 10 workers of 10 for evacuation
[2024-11-29T09:56:49.349-0800][gc,phases   ] GC(3)   Pre Evacuate Collection Set: 0.1ms
[2024-11-29T09:56:49.349-0800][gc,phases   ] GC(3)   Merge Heap Roots: 0.0ms
[2024-11-29T09:56:49.349-0800][gc,phases   ] GC(3)   Evacuate Collection Set: 1.0ms
[2024-11-29T09:56:49.349-0800][gc,phases   ] GC(3)   Post Evacuate Collection Set: 0.1ms
[2024-11-29T09:56:49.349-0800][gc,phases   ] GC(3)   Other: 0.1ms
[2024-11-29T09:56:49.349-0800][gc,heap     ] GC(3) Eden regions: 49->0(44)
[2024-11-29T09:56:49.349-0800][gc,heap     ] GC(3) Survivor regions: 2->7(7)
[2024-11-29T09:56:49.349-0800][gc,heap     ] GC(3) Old regions: 8->8
[2024-11-29T09:56:49.349-0800][gc,heap     ] GC(3) Archive regions: 2->2
[2024-11-29T09:56:49.349-0800][gc,heap     ] GC(3) Humongous regions: 129->129
[2024-11-29T09:56:49.349-0800][gc,metaspace] GC(3) Metaspace: 32832K(33088K)->32832K(33088K) NonClass: 28905K(29056K)->28905K(29056K) Class: 3926K(4032K)->3926K(4032K)
[2024-11-29T09:56:49.349-0800][gc          ] GC(3) Pause Young (Normal) (GCLocker Initiated GC) 188M->144M(1024M) 1.354ms
[2024-11-29T09:56:49.349-0800][gc,cpu      ] GC(3) User=0.01s Sys=0.00s Real=0.00s
[2024-11-29T09:56:49.490-0800][gc,start    ] GC(4) Pause Young (Concurrent Start) (Metadata GC Threshold)
[2024-11-29T09:56:49.490-0800][gc,task     ] GC(4) Using 10 workers of 10 for evacuation
[2024-11-29T09:56:49.492-0800][gc,phases   ] GC(4)   Pre Evacuate Collection Set: 0.1ms
[2024-11-29T09:56:49.492-0800][gc,phases   ] GC(4)   Merge Heap Roots: 0.0ms
[2024-11-29T09:56:49.492-0800][gc,phases   ] GC(4)   Evacuate Collection Set: 1.3ms
[2024-11-29T09:56:49.492-0800][gc,phases   ] GC(4)   Post Evacuate Collection Set: 0.2ms
[2024-11-29T09:56:49.492-0800][gc,phases   ] GC(4)   Other: 0.1ms
[2024-11-29T09:56:49.492-0800][gc,heap     ] GC(4) Eden regions: 14->0(49)
[2024-11-29T09:56:49.492-0800][gc,heap     ] GC(4) Survivor regions: 7->2(7)
[2024-11-29T09:56:49.492-0800][gc,heap     ] GC(4) Old regions: 8->14
[2024-11-29T09:56:49.492-0800][gc,heap     ] GC(4) Archive regions: 2->2
[2024-11-29T09:56:49.492-0800][gc,heap     ] GC(4) Humongous regions: 129->129
[2024-11-29T09:56:49.492-0800][gc,metaspace] GC(4) Metaspace: 35904K(36160K)->35904K(36160K) NonClass: 31549K(31680K)->31549K(31680K) Class: 4354K(4480K)->4354K(4480K)
[2024-11-29T09:56:49.492-0800][gc          ] GC(4) Pause Young (Concurrent Start) (Metadata GC Threshold) 157M->145M(1024M) 1.734ms
[2024-11-29T09:56:49.492-0800][gc,cpu      ] GC(4) User=0.01s Sys=0.00s Real=0.00s
[2024-11-29T09:56:49.492-0800][gc          ] GC(5) Concurrent Mark Cycle
[2024-11-29T09:56:49.492-0800][gc,marking  ] GC(5) Concurrent Clear Claimed Marks
[2024-11-29T09:56:49.492-0800][gc,marking  ] GC(5) Concurrent Clear Claimed Marks 0.011ms
[2024-11-29T09:56:49.492-0800][gc,marking  ] GC(5) Concurrent Scan Root Regions
[2024-11-29T09:56:49.493-0800][gc,marking  ] GC(5) Concurrent Scan Root Regions 0.974ms
[2024-11-29T09:56:49.493-0800][gc,marking  ] GC(5) Concurrent Mark
[2024-11-29T09:56:49.493-0800][gc,marking  ] GC(5) Concurrent Mark From Roots
[2024-11-29T09:56:49.493-0800][gc,task     ] GC(5) Using 3 workers of 3 for marking
[2024-11-29T09:56:49.494-0800][gc,marking  ] GC(5) Concurrent Mark From Roots 1.788ms
[2024-11-29T09:56:49.494-0800][gc,marking  ] GC(5) Concurrent Preclean
[2024-11-29T09:56:49.495-0800][gc,marking  ] GC(5) Concurrent Preclean 0.031ms
[2024-11-29T09:56:49.495-0800][gc,start    ] GC(5) Pause Remark
[2024-11-29T09:56:49.495-0800][gc          ] GC(5) Pause Remark 145M->145M(1024M) 0.520ms
[2024-11-29T09:56:49.495-0800][gc,cpu      ] GC(5) User=0.00s Sys=0.01s Real=0.00s
[2024-11-29T09:56:49.495-0800][gc,marking  ] GC(5) Concurrent Mark 2.455ms
[2024-11-29T09:56:49.495-0800][gc,marking  ] GC(5) Concurrent Rebuild Remembered Sets
[2024-11-29T09:56:49.495-0800][gc,marking  ] GC(5) Concurrent Rebuild Remembered Sets 0.003ms
[2024-11-29T09:56:49.495-0800][gc,start    ] GC(5) Pause Cleanup
[2024-11-29T09:56:49.495-0800][gc          ] GC(5) Pause Cleanup 145M->145M(1024M) 0.009ms
[2024-11-29T09:56:49.495-0800][gc,cpu      ] GC(5) User=0.00s Sys=0.00s Real=0.00s
[2024-11-29T09:56:49.495-0800][gc,marking  ] GC(5) Concurrent Cleanup for Next Mark
[2024-11-29T09:56:49.496-0800][gc,marking  ] GC(5) Concurrent Cleanup for Next Mark 0.926ms
[2024-11-29T09:56:49.496-0800][gc          ] GC(5) Concurrent Mark Cycle 4.486ms
[2024-11-29T10:00:05.822-0800][gc,start    ] GC(6) Pause Young (Normal) (G1 Evacuation Pause)
[2024-11-29T10:00:05.822-0800][gc,task     ] GC(6) Using 10 workers of 10 for evacuation
[2024-11-29T10:00:05.831-0800][gc,phases   ] GC(6)   Pre Evacuate Collection Set: 0.3ms
[2024-11-29T10:00:05.832-0800][gc,phases   ] GC(6)   Merge Heap Roots: 0.1ms
[2024-11-29T10:00:05.832-0800][gc,phases   ] GC(6)   Evacuate Collection Set: 8.3ms
[2024-11-29T10:00:05.832-0800][gc,phases   ] GC(6)   Post Evacuate Collection Set: 0.6ms
[2024-11-29T10:00:05.832-0800][gc,phases   ] GC(6)   Other: 0.4ms
[2024-11-29T10:00:05.832-0800][gc,heap     ] GC(6) Eden regions: 49->0(46)
[2024-11-29T10:00:05.832-0800][gc,heap     ] GC(6) Survivor regions: 2->5(7)
[2024-11-29T10:00:05.832-0800][gc,heap     ] GC(6) Old regions: 14->14
[2024-11-29T10:00:05.832-0800][gc,heap     ] GC(6) Archive regions: 2->2
[2024-11-29T10:00:05.832-0800][gc,heap     ] GC(6) Humongous regions: 129->129
[2024-11-29T10:00:05.832-0800][gc,metaspace] GC(6) Metaspace: 42690K(43264K)->42690K(43264K) NonClass: 37161K(37504K)->37161K(37504K) Class: 5529K(5760K)->5529K(5760K)
[2024-11-29T10:00:05.832-0800][gc          ] GC(6) Pause Young (Normal) (G1 Evacuation Pause) 194M->148M(1024M) 9.876ms
[2024-11-29T10:00:05.832-0800][gc,cpu      ] GC(6) User=0.03s Sys=0.00s Real=0.01s
[2024-11-29T10:12:04.650-0800][gc,start    ] GC(7) Pause Young (Normal) (G1 Evacuation Pause)
[2024-11-29T10:12:04.650-0800][gc,task     ] GC(7) Using 10 workers of 10 for evacuation
[2024-11-29T10:12:04.662-0800][gc,phases   ] GC(7)   Pre Evacuate Collection Set: 0.4ms
[2024-11-29T10:12:04.662-0800][gc,phases   ] GC(7)   Merge Heap Roots: 0.1ms
[2024-11-29T10:12:04.662-0800][gc,phases   ] GC(7)   Evacuate Collection Set: 10.6ms
[2024-11-29T10:12:04.662-0800][gc,phases   ] GC(7)   Post Evacuate Collection Set: 0.7ms
[2024-11-29T10:12:04.662-0800][gc,phases   ] GC(7)   Other: 0.4ms
[2024-11-29T10:12:04.662-0800][gc,heap     ] GC(7) Eden regions: 46->0(48)
[2024-11-29T10:12:04.662-0800][gc,heap     ] GC(7) Survivor regions: 5->3(7)
[2024-11-29T10:12:04.662-0800][gc,heap     ] GC(7) Old regions: 14->18
[2024-11-29T10:12:04.662-0800][gc,heap     ] GC(7) Archive regions: 2->2
[2024-11-29T10:12:04.662-0800][gc,heap     ] GC(7) Humongous regions: 129->129
[2024-11-29T10:12:04.662-0800][gc,metaspace] GC(7) Metaspace: 43736K(44288K)->43736K(44288K) NonClass: 38174K(38464K)->38174K(38464K) Class: 5562K(5824K)->5562K(5824K)
[2024-11-29T10:12:04.662-0800][gc          ] GC(7) Pause Young (Normal) (G1 Evacuation Pause) 194M->150M(1024M) 12.282ms
[2024-11-29T10:12:04.662-0800][gc,cpu      ] GC(7) User=0.04s Sys=0.00s Real=0.01s
[2024-11-29T10:13:40.891-0800][gc,heap,exit] Heap
[2024-11-29T10:13:40.891-0800][gc,heap,exit]  garbage-first heap   total 1048576K, used 162656K [0x00000007c0000000, 0x0000000800000000)
[2024-11-29T10:13:40.891-0800][gc,heap,exit]   region size 1024K, 12 young (12288K), 3 survivors (3072K)
[2024-11-29T10:13:40.891-0800][gc,heap,exit]  Metaspace       used 43929K, committed 44480K, reserved 1114112K
[2024-11-29T10:13:40.891-0800][gc,heap,exit]   class space    used 5604K, committed 5824K, reserved 1048576K
