[2024-12-02T17:25:57.073-0800][gc] Using G1
[2024-12-02T17:25:57.074-0800][gc,init] Version: 17.0.11+7-LTS-207 (release)
[2024-12-02T17:25:57.074-0800][gc,init] CPUs: 12 total, 12 available
[2024-12-02T17:25:57.074-0800][gc,init] Memory: 24576M
[2024-12-02T17:25:57.074-0800][gc,init] Large Page Support: Disabled
[2024-12-02T17:25:57.074-0800][gc,init] NUMA Support: Disabled
[2024-12-02T17:25:57.074-0800][gc,init] Compressed Oops: Enabled (Zero based)
[2024-12-02T17:25:57.074-0800][gc,init] Heap Region Size: 1M
[2024-12-02T17:25:57.074-0800][gc,init] Heap Min Capacity: 1G
[2024-12-02T17:25:57.074-0800][gc,init] Heap Initial Capacity: 1G
[2024-12-02T17:25:57.074-0800][gc,init] Heap Max Capacity: 1G
[2024-12-02T17:25:57.074-0800][gc,init] Pre-touch: Disabled
[2024-12-02T17:25:57.074-0800][gc,init] Parallel Workers: 10
[2024-12-02T17:25:57.074-0800][gc,init] Concurrent Workers: 3
[2024-12-02T17:25:57.074-0800][gc,init] Concurrent Refinement Workers: 10
[2024-12-02T17:25:57.074-0800][gc,init] Periodic GC: Disabled
[2024-12-02T17:25:57.074-0800][gc,metaspace] CDS archive(s) mapped at: [0x0000000800000000-0x0000000800be0000-0x0000000800be0000), size 12451840, SharedBaseAddress: 0x0000000800000000, ArchiveRelocationMode: 1.
[2024-12-02T17:25:57.074-0800][gc,metaspace] Compressed class space mapped at: 0x0000000801000000-0x0000000841000000, reserved size: 1073741824
[2024-12-02T17:25:57.074-0800][gc,metaspace] Narrow klass base: 0x0000000800000000, Narrow klass shift: 0, Narrow klass range: 0x100000000
[2024-12-02T17:25:57.463-0800][gc,start    ] GC(0) Pause Young (Normal) (G1 Evacuation Pause)
[2024-12-02T17:25:57.464-0800][gc,task     ] GC(0) Using 10 workers of 10 for evacuation
[2024-12-02T17:25:57.466-0800][gc,phases   ] GC(0)   Pre Evacuate Collection Set: 0.1ms
[2024-12-02T17:25:57.466-0800][gc,phases   ] GC(0)   Merge Heap Roots: 0.0ms
[2024-12-02T17:25:57.466-0800][gc,phases   ] GC(0)   Evacuate Collection Set: 1.8ms
[2024-12-02T17:25:57.466-0800][gc,phases   ] GC(0)   Post Evacuate Collection Set: 0.2ms
[2024-12-02T17:25:57.466-0800][gc,phases   ] GC(0)   Other: 0.3ms
[2024-12-02T17:25:57.466-0800][gc,heap     ] GC(0) Eden regions: 51->0(44)
[2024-12-02T17:25:57.466-0800][gc,heap     ] GC(0) Survivor regions: 0->7(7)
[2024-12-02T17:25:57.466-0800][gc,heap     ] GC(0) Old regions: 0->1
[2024-12-02T17:25:57.466-0800][gc,heap     ] GC(0) Archive regions: 2->2
[2024-12-02T17:25:57.466-0800][gc,heap     ] GC(0) Humongous regions: 0->0
[2024-12-02T17:25:57.466-0800][gc,metaspace] GC(0) Metaspace: 18009K(18176K)->18009K(18176K) NonClass: 15645K(15744K)->15645K(15744K) Class: 2363K(2432K)->2363K(2432K)
[2024-12-02T17:25:57.466-0800][gc          ] GC(0) Pause Young (Normal) (G1 Evacuation Pause) 51M->8M(1024M) 2.462ms
[2024-12-02T17:25:57.466-0800][gc,cpu      ] GC(0) User=0.01s Sys=0.01s Real=0.00s
[2024-12-02T17:25:57.547-0800][gc,start    ] GC(1) Pause Young (Concurrent Start) (Metadata GC Threshold)
[2024-12-02T17:25:57.547-0800][gc,task     ] GC(1) Using 10 workers of 10 for evacuation
[2024-12-02T17:25:57.548-0800][gc,phases   ] GC(1)   Pre Evacuate Collection Set: 0.1ms
[2024-12-02T17:25:57.548-0800][gc,phases   ] GC(1)   Merge Heap Roots: 0.0ms
[2024-12-02T17:25:57.548-0800][gc,phases   ] GC(1)   Evacuate Collection Set: 1.4ms
[2024-12-02T17:25:57.548-0800][gc,phases   ] GC(1)   Post Evacuate Collection Set: 0.2ms
[2024-12-02T17:25:57.548-0800][gc,phases   ] GC(1)   Other: 0.1ms
[2024-12-02T17:25:57.548-0800][gc,heap     ] GC(1) Eden regions: 14->0(49)
[2024-12-02T17:25:57.548-0800][gc,heap     ] GC(1) Survivor regions: 7->2(7)
[2024-12-02T17:25:57.548-0800][gc,heap     ] GC(1) Old regions: 1->8
[2024-12-02T17:25:57.548-0800][gc,heap     ] GC(1) Archive regions: 2->2
[2024-12-02T17:25:57.548-0800][gc,heap     ] GC(1) Humongous regions: 129->129
[2024-12-02T17:25:57.548-0800][gc,metaspace] GC(1) Metaspace: 21289K(21504K)->21289K(21504K) NonClass: 18419K(18496K)->18419K(18496K) Class: 2869K(3008K)->2869K(3008K)
[2024-12-02T17:25:57.549-0800][gc          ] GC(1) Pause Young (Concurrent Start) (Metadata GC Threshold) 150M->139M(1024M) 1.827ms
[2024-12-02T17:25:57.549-0800][gc,cpu      ] GC(1) User=0.01s Sys=0.01s Real=0.00s
[2024-12-02T17:25:57.549-0800][gc          ] GC(2) Concurrent Mark Cycle
[2024-12-02T17:25:57.549-0800][gc,marking  ] GC(2) Concurrent Clear Claimed Marks
[2024-12-02T17:25:57.549-0800][gc,marking  ] GC(2) Concurrent Clear Claimed Marks 0.010ms
[2024-12-02T17:25:57.549-0800][gc,marking  ] GC(2) Concurrent Scan Root Regions
[2024-12-02T17:25:57.549-0800][gc,marking  ] GC(2) Concurrent Scan Root Regions 0.635ms
[2024-12-02T17:25:57.549-0800][gc,marking  ] GC(2) Concurrent Mark
[2024-12-02T17:25:57.549-0800][gc,marking  ] GC(2) Concurrent Mark From Roots
[2024-12-02T17:25:57.549-0800][gc,task     ] GC(2) Using 3 workers of 3 for marking
[2024-12-02T17:25:57.550-0800][gc,marking  ] GC(2) Concurrent Mark From Roots 0.831ms
[2024-12-02T17:25:57.550-0800][gc,marking  ] GC(2) Concurrent Preclean
[2024-12-02T17:25:57.550-0800][gc,marking  ] GC(2) Concurrent Preclean 0.013ms
[2024-12-02T17:25:57.550-0800][gc,start    ] GC(2) Pause Remark
[2024-12-02T17:25:57.551-0800][gc          ] GC(2) Pause Remark 140M->140M(1024M) 0.675ms
[2024-12-02T17:25:57.551-0800][gc,cpu      ] GC(2) User=0.00s Sys=0.00s Real=0.00s
[2024-12-02T17:25:57.551-0800][gc,marking  ] GC(2) Concurrent Mark 1.679ms
[2024-12-02T17:25:57.551-0800][gc,marking  ] GC(2) Concurrent Rebuild Remembered Sets
[2024-12-02T17:25:57.551-0800][gc,marking  ] GC(2) Concurrent Rebuild Remembered Sets 0.003ms
[2024-12-02T17:25:57.551-0800][gc,start    ] GC(2) Pause Cleanup
[2024-12-02T17:25:57.551-0800][gc          ] GC(2) Pause Cleanup 140M->140M(1024M) 0.009ms
[2024-12-02T17:25:57.551-0800][gc,cpu      ] GC(2) User=0.00s Sys=0.00s Real=0.00s
[2024-12-02T17:25:57.551-0800][gc,marking  ] GC(2) Concurrent Cleanup for Next Mark
[2024-12-02T17:25:57.552-0800][gc,marking  ] GC(2) Concurrent Cleanup for Next Mark 1.007ms
[2024-12-02T17:25:57.552-0800][gc          ] GC(2) Concurrent Mark Cycle 3.471ms
[2024-12-02T17:25:57.739-0800][gc,start    ] GC(3) Pause Young (Normal) (G1 Evacuation Pause)
[2024-12-02T17:25:57.739-0800][gc,task     ] GC(3) Using 10 workers of 10 for evacuation
[2024-12-02T17:25:57.740-0800][gc,phases   ] GC(3)   Pre Evacuate Collection Set: 0.1ms
[2024-12-02T17:25:57.740-0800][gc,phases   ] GC(3)   Merge Heap Roots: 0.0ms
[2024-12-02T17:25:57.740-0800][gc,phases   ] GC(3)   Evacuate Collection Set: 1.1ms
[2024-12-02T17:25:57.740-0800][gc,phases   ] GC(3)   Post Evacuate Collection Set: 0.2ms
[2024-12-02T17:25:57.740-0800][gc,phases   ] GC(3)   Other: 0.1ms
[2024-12-02T17:25:57.740-0800][gc,heap     ] GC(3) Eden regions: 49->0(44)
[2024-12-02T17:25:57.740-0800][gc,heap     ] GC(3) Survivor regions: 2->7(7)
[2024-12-02T17:25:57.740-0800][gc,heap     ] GC(3) Old regions: 8->8
[2024-12-02T17:25:57.740-0800][gc,heap     ] GC(3) Archive regions: 2->2
[2024-12-02T17:25:57.740-0800][gc,heap     ] GC(3) Humongous regions: 129->129
[2024-12-02T17:25:57.740-0800][gc,metaspace] GC(3) Metaspace: 32791K(33024K)->32791K(33024K) NonClass: 28855K(28992K)->28855K(28992K) Class: 3936K(4032K)->3936K(4032K)
[2024-12-02T17:25:57.740-0800][gc          ] GC(3) Pause Young (Normal) (G1 Evacuation Pause) 188M->144M(1024M) 1.425ms
[2024-12-02T17:25:57.740-0800][gc,cpu      ] GC(3) User=0.01s Sys=0.00s Real=0.01s
[2024-12-02T17:26:27.534-0800][gc,start    ] GC(4) Pause Young (Concurrent Start) (Metadata GC Threshold)
[2024-12-02T17:26:27.535-0800][gc,task     ] GC(4) Using 10 workers of 10 for evacuation
[2024-12-02T17:26:27.545-0800][gc,phases   ] GC(4)   Pre Evacuate Collection Set: 0.4ms
[2024-12-02T17:26:27.545-0800][gc,phases   ] GC(4)   Merge Heap Roots: 0.1ms
[2024-12-02T17:26:27.545-0800][gc,phases   ] GC(4)   Evacuate Collection Set: 8.5ms
[2024-12-02T17:26:27.545-0800][gc,phases   ] GC(4)   Post Evacuate Collection Set: 0.7ms
[2024-12-02T17:26:27.545-0800][gc,phases   ] GC(4)   Other: 0.5ms
[2024-12-02T17:26:27.545-0800][gc,heap     ] GC(4) Eden regions: 15->0(49)
[2024-12-02T17:26:27.545-0800][gc,heap     ] GC(4) Survivor regions: 7->2(7)
[2024-12-02T17:26:27.545-0800][gc,heap     ] GC(4) Old regions: 8->14
[2024-12-02T17:26:27.545-0800][gc,heap     ] GC(4) Archive regions: 2->2
[2024-12-02T17:26:27.545-0800][gc,heap     ] GC(4) Humongous regions: 129->129
[2024-12-02T17:26:27.545-0800][gc,metaspace] GC(4) Metaspace: 35859K(36096K)->35859K(36096K) NonClass: 31567K(31680K)->31567K(31680K) Class: 4291K(4416K)->4291K(4416K)
[2024-12-02T17:26:27.545-0800][gc          ] GC(4) Pause Young (Concurrent Start) (Metadata GC Threshold) 158M->144M(1024M) 10.532ms
[2024-12-02T17:26:27.545-0800][gc,cpu      ] GC(4) User=0.03s Sys=0.01s Real=0.01s
[2024-12-02T17:26:27.545-0800][gc          ] GC(5) Concurrent Mark Cycle
[2024-12-02T17:26:27.545-0800][gc,marking  ] GC(5) Concurrent Clear Claimed Marks
[2024-12-02T17:26:27.545-0800][gc,marking  ] GC(5) Concurrent Clear Claimed Marks 0.054ms
[2024-12-02T17:26:27.545-0800][gc,marking  ] GC(5) Concurrent Scan Root Regions
[2024-12-02T17:26:27.551-0800][gc,marking  ] GC(5) Concurrent Scan Root Regions 5.380ms
[2024-12-02T17:26:27.551-0800][gc,marking  ] GC(5) Concurrent Mark
[2024-12-02T17:26:27.551-0800][gc,marking  ] GC(5) Concurrent Mark From Roots
[2024-12-02T17:26:27.551-0800][gc,task     ] GC(5) Using 3 workers of 3 for marking
[2024-12-02T17:26:27.560-0800][gc,marking  ] GC(5) Concurrent Mark From Roots 9.091ms
[2024-12-02T17:26:27.560-0800][gc,marking  ] GC(5) Concurrent Preclean
[2024-12-02T17:26:27.561-0800][gc,marking  ] GC(5) Concurrent Preclean 0.694ms
[2024-12-02T17:26:27.561-0800][gc,start    ] GC(5) Pause Remark
[2024-12-02T17:26:27.563-0800][gc          ] GC(5) Pause Remark 145M->145M(1024M) 1.655ms
[2024-12-02T17:26:27.563-0800][gc,cpu      ] GC(5) User=0.01s Sys=0.00s Real=0.00s
[2024-12-02T17:26:27.563-0800][gc,marking  ] GC(5) Concurrent Mark 11.917ms
[2024-12-02T17:26:27.563-0800][gc,marking  ] GC(5) Concurrent Rebuild Remembered Sets
[2024-12-02T17:26:27.566-0800][gc,marking  ] GC(5) Concurrent Rebuild Remembered Sets 3.353ms
[2024-12-02T17:26:27.566-0800][gc,start    ] GC(5) Pause Cleanup
[2024-12-02T17:26:27.566-0800][gc          ] GC(5) Pause Cleanup 146M->146M(1024M) 0.148ms
[2024-12-02T17:26:27.566-0800][gc,cpu      ] GC(5) User=0.00s Sys=0.00s Real=0.00s
[2024-12-02T17:26:27.566-0800][gc,marking  ] GC(5) Concurrent Cleanup for Next Mark
[2024-12-02T17:26:27.571-0800][gc,marking  ] GC(5) Concurrent Cleanup for Next Mark 4.482ms
[2024-12-02T17:26:27.571-0800][gc          ] GC(5) Concurrent Mark Cycle 25.845ms
[2024-12-02T17:33:18.262-0800][gc,start    ] GC(6) Pause Young (Normal) (G1 Evacuation Pause)
[2024-12-02T17:33:18.262-0800][gc,task     ] GC(6) Using 10 workers of 10 for evacuation
[2024-12-02T17:33:18.272-0800][gc,phases   ] GC(6)   Pre Evacuate Collection Set: 0.3ms
[2024-12-02T17:33:18.272-0800][gc,phases   ] GC(6)   Merge Heap Roots: 0.2ms
[2024-12-02T17:33:18.272-0800][gc,phases   ] GC(6)   Evacuate Collection Set: 8.5ms
[2024-12-02T17:33:18.272-0800][gc,phases   ] GC(6)   Post Evacuate Collection Set: 0.5ms
[2024-12-02T17:33:18.272-0800][gc,phases   ] GC(6)   Other: 0.4ms
[2024-12-02T17:33:18.272-0800][gc,heap     ] GC(6) Eden regions: 49->0(46)
[2024-12-02T17:33:18.272-0800][gc,heap     ] GC(6) Survivor regions: 2->5(7)
[2024-12-02T17:33:18.272-0800][gc,heap     ] GC(6) Old regions: 14->14
[2024-12-02T17:33:18.272-0800][gc,heap     ] GC(6) Archive regions: 2->2
[2024-12-02T17:33:18.272-0800][gc,heap     ] GC(6) Humongous regions: 129->129
[2024-12-02T17:33:18.272-0800][gc,metaspace] GC(6) Metaspace: 40453K(40960K)->40453K(40960K) NonClass: 35570K(35840K)->35570K(35840K) Class: 4883K(5120K)->4883K(5120K)
[2024-12-02T17:33:18.272-0800][gc          ] GC(6) Pause Young (Normal) (G1 Evacuation Pause) 193M->148M(1024M) 10.004ms
[2024-12-02T17:33:18.272-0800][gc,cpu      ] GC(6) User=0.03s Sys=0.00s Real=0.01s
[2024-12-02T17:37:58.860-0800][gc,start    ] GC(7) Pause Young (Normal) (G1 Evacuation Pause)
[2024-12-02T17:37:58.860-0800][gc,task     ] GC(7) Using 10 workers of 10 for evacuation
[2024-12-02T17:37:58.869-0800][gc,phases   ] GC(7)   Pre Evacuate Collection Set: 0.4ms
[2024-12-02T17:37:58.869-0800][gc,phases   ] GC(7)   Merge Heap Roots: 0.1ms
[2024-12-02T17:37:58.869-0800][gc,phases   ] GC(7)   Evacuate Collection Set: 6.8ms
[2024-12-02T17:37:58.869-0800][gc,phases   ] GC(7)   Post Evacuate Collection Set: 1.2ms
[2024-12-02T17:37:58.869-0800][gc,phases   ] GC(7)   Other: 0.4ms
[2024-12-02T17:37:58.869-0800][gc,heap     ] GC(7) Eden regions: 46->0(48)
[2024-12-02T17:37:58.869-0800][gc,heap     ] GC(7) Survivor regions: 5->3(7)
[2024-12-02T17:37:58.869-0800][gc,heap     ] GC(7) Old regions: 14->16
[2024-12-02T17:37:58.869-0800][gc,heap     ] GC(7) Archive regions: 2->2
[2024-12-02T17:37:58.869-0800][gc,heap     ] GC(7) Humongous regions: 129->129
[2024-12-02T17:37:58.869-0800][gc,metaspace] GC(7) Metaspace: 41480K(41984K)->41480K(41984K) NonClass: 36403K(36672K)->36403K(36672K) Class: 5077K(5312K)->5077K(5312K)
[2024-12-02T17:37:58.869-0800][gc          ] GC(7) Pause Young (Normal) (G1 Evacuation Pause) 194M->148M(1024M) 9.147ms
[2024-12-02T17:37:58.869-0800][gc,cpu      ] GC(7) User=0.02s Sys=0.00s Real=0.00s
[2024-12-02T17:43:05.311-0800][gc,start    ] GC(8) Pause Young (Normal) (G1 Evacuation Pause)
[2024-12-02T17:43:05.311-0800][gc,task     ] GC(8) Using 10 workers of 10 for evacuation
[2024-12-02T17:43:05.321-0800][gc,phases   ] GC(8)   Pre Evacuate Collection Set: 0.2ms
[2024-12-02T17:43:05.321-0800][gc,phases   ] GC(8)   Merge Heap Roots: 0.1ms
[2024-12-02T17:43:05.321-0800][gc,phases   ] GC(8)   Evacuate Collection Set: 8.7ms
[2024-12-02T17:43:05.321-0800][gc,phases   ] GC(8)   Post Evacuate Collection Set: 0.8ms
[2024-12-02T17:43:05.321-0800][gc,phases   ] GC(8)   Other: 0.6ms
[2024-12-02T17:43:05.321-0800][gc,heap     ] GC(8) Eden regions: 48->0(44)
[2024-12-02T17:43:05.321-0800][gc,heap     ] GC(8) Survivor regions: 3->7(7)
[2024-12-02T17:43:05.321-0800][gc,heap     ] GC(8) Old regions: 16->16
[2024-12-02T17:43:05.321-0800][gc,heap     ] GC(8) Archive regions: 2->2
[2024-12-02T17:43:05.321-0800][gc,heap     ] GC(8) Humongous regions: 129->129
[2024-12-02T17:43:05.321-0800][gc,metaspace] GC(8) Metaspace: 41700K(42176K)->41700K(42176K) NonClass: 36604K(36864K)->36604K(36864K) Class: 5095K(5312K)->5095K(5312K)
[2024-12-02T17:43:05.321-0800][gc          ] GC(8) Pause Young (Normal) (G1 Evacuation Pause) 196M->151M(1024M) 10.615ms
[2024-12-02T17:43:05.321-0800][gc,cpu      ] GC(8) User=0.03s Sys=0.00s Real=0.01s
[2024-12-02T17:48:34.859-0800][gc,start    ] GC(9) Pause Young (Normal) (G1 Evacuation Pause)
[2024-12-02T17:48:34.859-0800][gc,task     ] GC(9) Using 10 workers of 10 for evacuation
[2024-12-02T17:48:34.868-0800][gc,phases   ] GC(9)   Pre Evacuate Collection Set: 0.3ms
[2024-12-02T17:48:34.869-0800][gc,phases   ] GC(9)   Merge Heap Roots: 0.1ms
[2024-12-02T17:48:34.869-0800][gc,phases   ] GC(9)   Evacuate Collection Set: 8.1ms
[2024-12-02T17:48:34.869-0800][gc,phases   ] GC(9)   Post Evacuate Collection Set: 0.4ms
[2024-12-02T17:48:34.869-0800][gc,phases   ] GC(9)   Other: 0.4ms
[2024-12-02T17:48:34.869-0800][gc,heap     ] GC(9) Eden regions: 44->0(52)
[2024-12-02T17:48:34.869-0800][gc,heap     ] GC(9) Survivor regions: 7->4(7)
[2024-12-02T17:48:34.869-0800][gc,heap     ] GC(9) Old regions: 16->21
[2024-12-02T17:48:34.869-0800][gc,heap     ] GC(9) Archive regions: 2->2
[2024-12-02T17:48:34.869-0800][gc,heap     ] GC(9) Humongous regions: 129->129
[2024-12-02T17:48:34.869-0800][gc,metaspace] GC(9) Metaspace: 41848K(42368K)->41848K(42368K) NonClass: 36744K(37056K)->36744K(37056K) Class: 5103K(5312K)->5103K(5312K)
[2024-12-02T17:48:34.869-0800][gc          ] GC(9) Pause Young (Normal) (G1 Evacuation Pause) 195M->153M(1024M) 9.499ms
[2024-12-02T17:48:34.869-0800][gc,cpu      ] GC(9) User=0.03s Sys=0.01s Real=0.01s
[2024-12-02T17:56:16.844-0800][gc,start    ] GC(10) Pause Young (Normal) (G1 Evacuation Pause)
[2024-12-02T17:56:16.845-0800][gc,task     ] GC(10) Using 10 workers of 10 for evacuation
[2024-12-02T17:56:16.855-0800][gc,phases   ] GC(10)   Pre Evacuate Collection Set: 0.4ms
[2024-12-02T17:56:16.855-0800][gc,phases   ] GC(10)   Merge Heap Roots: 0.1ms
[2024-12-02T17:56:16.856-0800][gc,phases   ] GC(10)   Evacuate Collection Set: 9.7ms
[2024-12-02T17:56:16.856-0800][gc,phases   ] GC(10)   Post Evacuate Collection Set: 0.5ms
[2024-12-02T17:56:16.856-0800][gc,phases   ] GC(10)   Other: 0.4ms
[2024-12-02T17:56:16.856-0800][gc,heap     ] GC(10) Eden regions: 52->0(57)
[2024-12-02T17:56:16.856-0800][gc,heap     ] GC(10) Survivor regions: 4->6(7)
[2024-12-02T17:56:16.856-0800][gc,heap     ] GC(10) Old regions: 21->21
[2024-12-02T17:56:16.856-0800][gc,heap     ] GC(10) Archive regions: 2->2
[2024-12-02T17:56:16.856-0800][gc,heap     ] GC(10) Humongous regions: 129->129
[2024-12-02T17:56:16.856-0800][gc,metaspace] GC(10) Metaspace: 41899K(42368K)->41899K(42368K) NonClass: 36794K(37056K)->36794K(37056K) Class: 5104K(5312K)->5104K(5312K)
[2024-12-02T17:56:16.856-0800][gc          ] GC(10) Pause Young (Normal) (G1 Evacuation Pause) 205M->156M(1024M) 11.391ms
[2024-12-02T17:56:16.856-0800][gc,cpu      ] GC(10) User=0.04s Sys=0.01s Real=0.01s
[2024-12-02T18:00:43.169-0800][gc,start    ] GC(11) Pause Young (Normal) (G1 Evacuation Pause)
[2024-12-02T18:00:43.169-0800][gc,task     ] GC(11) Using 10 workers of 10 for evacuation
[2024-12-02T18:00:43.173-0800][gc,phases   ] GC(11)   Pre Evacuate Collection Set: 0.1ms
[2024-12-02T18:00:43.173-0800][gc,phases   ] GC(11)   Merge Heap Roots: 0.1ms
[2024-12-02T18:00:43.173-0800][gc,phases   ] GC(11)   Evacuate Collection Set: 3.3ms
[2024-12-02T18:00:43.173-0800][gc,phases   ] GC(11)   Post Evacuate Collection Set: 0.3ms
[2024-12-02T18:00:43.173-0800][gc,phases   ] GC(11)   Other: 0.1ms
[2024-12-02T18:00:43.173-0800][gc,heap     ] GC(11) Eden regions: 56->0(69)
[2024-12-02T18:00:43.173-0800][gc,heap     ] GC(11) Survivor regions: 6->7(8)
[2024-12-02T18:00:43.173-0800][gc,heap     ] GC(11) Old regions: 21->23
[2024-12-02T18:00:43.173-0800][gc,heap     ] GC(11) Archive regions: 2->2
[2024-12-02T18:00:43.173-0800][gc,heap     ] GC(11) Humongous regions: 129->129
[2024-12-02T18:00:43.173-0800][gc,metaspace] GC(11) Metaspace: 44455K(44992K)->44455K(44992K) NonClass: 38785K(39104K)->38785K(39104K) Class: 5670K(5888K)->5670K(5888K)
[2024-12-02T18:00:43.173-0800][gc          ] GC(11) Pause Young (Normal) (G1 Evacuation Pause) 212M->158M(1024M) 3.959ms
[2024-12-02T18:00:43.173-0800][gc,cpu      ] GC(11) User=0.02s Sys=0.01s Real=0.01s
[2024-12-02T18:00:43.177-0800][gc,heap,exit] Heap
[2024-12-02T18:00:43.177-0800][gc,heap,exit]  garbage-first heap   total 1048576K, used 164398K [0x00000007c0000000, 0x0000000800000000)
[2024-12-02T18:00:43.177-0800][gc,heap,exit]   region size 1024K, 9 young (9216K), 7 survivors (7168K)
[2024-12-02T18:00:43.177-0800][gc,heap,exit]  Metaspace       used 44481K, committed 44992K, reserved 1114112K
[2024-12-02T18:00:43.177-0800][gc,heap,exit]   class space    used 5677K, committed 5888K, reserved 1048576K
