[2024-11-29T11:02:31.679-0800][gc] Using G1
[2024-11-29T11:02:31.680-0800][gc,init] Version: 17.0.11+7-LTS-207 (release)
[2024-11-29T11:02:31.680-0800][gc,init] CPUs: 12 total, 12 available
[2024-11-29T11:02:31.680-0800][gc,init] Memory: 24576M
[2024-11-29T11:02:31.680-0800][gc,init] Large Page Support: Disabled
[2024-11-29T11:02:31.680-0800][gc,init] NUMA Support: Disabled
[2024-11-29T11:02:31.680-0800][gc,init] Compressed Oops: Enabled (Zero based)
[2024-11-29T11:02:31.680-0800][gc,init] Heap Region Size: 1M
[2024-11-29T11:02:31.680-0800][gc,init] Heap Min Capacity: 1G
[2024-11-29T11:02:31.680-0800][gc,init] Heap Initial Capacity: 1G
[2024-11-29T11:02:31.680-0800][gc,init] Heap Max Capacity: 1G
[2024-11-29T11:02:31.680-0800][gc,init] Pre-touch: Disabled
[2024-11-29T11:02:31.680-0800][gc,init] Parallel Workers: 10
[2024-11-29T11:02:31.680-0800][gc,init] Concurrent Workers: 3
[2024-11-29T11:02:31.680-0800][gc,init] Concurrent Refinement Workers: 10
[2024-11-29T11:02:31.680-0800][gc,init] Periodic GC: Disabled
[2024-11-29T11:02:31.682-0800][gc,metaspace] CDS archive(s) mapped at: [0x0000007000000000-0x0000007000be0000-0x0000007000be0000), size 12451840, SharedBaseAddress: 0x0000007000000000, ArchiveRelocationMode: 1.
[2024-11-29T11:02:31.682-0800][gc,metaspace] Compressed class space mapped at: 0x0000007001000000-0x0000007041000000, reserved size: 1073741824
[2024-11-29T11:02:31.682-0800][gc,metaspace] Narrow klass base: 0x0000007000000000, Narrow klass shift: 0, Narrow klass range: 0x100000000
[2024-11-29T11:02:32.069-0800][gc,start    ] GC(0) Pause Young (Normal) (G1 Evacuation Pause)
[2024-11-29T11:02:32.069-0800][gc,task     ] GC(0) Using 10 workers of 10 for evacuation
[2024-11-29T11:02:32.071-0800][gc,phases   ] GC(0)   Pre Evacuate Collection Set: 0.1ms
[2024-11-29T11:02:32.071-0800][gc,phases   ] GC(0)   Merge Heap Roots: 0.0ms
[2024-11-29T11:02:32.071-0800][gc,phases   ] GC(0)   Evacuate Collection Set: 1.8ms
[2024-11-29T11:02:32.071-0800][gc,phases   ] GC(0)   Post Evacuate Collection Set: 0.2ms
[2024-11-29T11:02:32.071-0800][gc,phases   ] GC(0)   Other: 0.3ms
[2024-11-29T11:02:32.071-0800][gc,heap     ] GC(0) Eden regions: 51->0(44)
[2024-11-29T11:02:32.071-0800][gc,heap     ] GC(0) Survivor regions: 0->7(7)
[2024-11-29T11:02:32.071-0800][gc,heap     ] GC(0) Old regions: 0->1
[2024-11-29T11:02:32.071-0800][gc,heap     ] GC(0) Archive regions: 2->2
[2024-11-29T11:02:32.071-0800][gc,heap     ] GC(0) Humongous regions: 0->0
[2024-11-29T11:02:32.071-0800][gc,metaspace] GC(0) Metaspace: 18010K(18176K)->18010K(18176K) NonClass: 15645K(15744K)->15645K(15744K) Class: 2364K(2432K)->2364K(2432K)
[2024-11-29T11:02:32.071-0800][gc          ] GC(0) Pause Young (Normal) (G1 Evacuation Pause) 51M->8M(1024M) 2.446ms
[2024-11-29T11:02:32.071-0800][gc,cpu      ] GC(0) User=0.01s Sys=0.00s Real=0.01s
[2024-11-29T11:02:32.148-0800][gc,start    ] GC(1) Pause Young (Concurrent Start) (Metadata GC Threshold)
[2024-11-29T11:02:32.148-0800][gc,task     ] GC(1) Using 10 workers of 10 for evacuation
[2024-11-29T11:02:32.150-0800][gc,phases   ] GC(1)   Pre Evacuate Collection Set: 0.1ms
[2024-11-29T11:02:32.150-0800][gc,phases   ] GC(1)   Merge Heap Roots: 0.0ms
[2024-11-29T11:02:32.150-0800][gc,phases   ] GC(1)   Evacuate Collection Set: 1.0ms
[2024-11-29T11:02:32.150-0800][gc,phases   ] GC(1)   Post Evacuate Collection Set: 0.2ms
[2024-11-29T11:02:32.150-0800][gc,phases   ] GC(1)   Other: 0.1ms
[2024-11-29T11:02:32.150-0800][gc,heap     ] GC(1) Eden regions: 14->0(49)
[2024-11-29T11:02:32.150-0800][gc,heap     ] GC(1) Survivor regions: 7->2(7)
[2024-11-29T11:02:32.150-0800][gc,heap     ] GC(1) Old regions: 1->8
[2024-11-29T11:02:32.150-0800][gc,heap     ] GC(1) Archive regions: 2->2
[2024-11-29T11:02:32.150-0800][gc,heap     ] GC(1) Humongous regions: 129->129
[2024-11-29T11:02:32.150-0800][gc,metaspace] GC(1) Metaspace: 21270K(21504K)->21270K(21504K) NonClass: 18396K(18496K)->18396K(18496K) Class: 2874K(3008K)->2874K(3008K)
[2024-11-29T11:02:32.150-0800][gc          ] GC(1) Pause Young (Concurrent Start) (Metadata GC Threshold) 151M->139M(1024M) 1.465ms
[2024-11-29T11:02:32.150-0800][gc,cpu      ] GC(1) User=0.00s Sys=0.00s Real=0.01s
[2024-11-29T11:02:32.150-0800][gc          ] GC(2) Concurrent Mark Cycle
[2024-11-29T11:02:32.150-0800][gc,marking  ] GC(2) Concurrent Clear Claimed Marks
[2024-11-29T11:02:32.150-0800][gc,marking  ] GC(2) Concurrent Clear Claimed Marks 0.009ms
[2024-11-29T11:02:32.150-0800][gc,marking  ] GC(2) Concurrent Scan Root Regions
[2024-11-29T11:02:32.150-0800][gc,marking  ] GC(2) Concurrent Scan Root Regions 0.627ms
[2024-11-29T11:02:32.150-0800][gc,marking  ] GC(2) Concurrent Mark
[2024-11-29T11:02:32.150-0800][gc,marking  ] GC(2) Concurrent Mark From Roots
[2024-11-29T11:02:32.150-0800][gc,task     ] GC(2) Using 3 workers of 3 for marking
[2024-11-29T11:02:32.151-0800][gc,marking  ] GC(2) Concurrent Mark From Roots 0.838ms
[2024-11-29T11:02:32.151-0800][gc,marking  ] GC(2) Concurrent Preclean
[2024-11-29T11:02:32.151-0800][gc,marking  ] GC(2) Concurrent Preclean 0.014ms
[2024-11-29T11:02:32.151-0800][gc,start    ] GC(2) Pause Remark
[2024-11-29T11:02:32.152-0800][gc          ] GC(2) Pause Remark 140M->140M(1024M) 0.658ms
[2024-11-29T11:02:32.152-0800][gc,cpu      ] GC(2) User=0.00s Sys=0.00s Real=0.00s
[2024-11-29T11:02:32.152-0800][gc,marking  ] GC(2) Concurrent Mark 1.639ms
[2024-11-29T11:02:32.152-0800][gc,marking  ] GC(2) Concurrent Rebuild Remembered Sets
[2024-11-29T11:02:32.152-0800][gc,marking  ] GC(2) Concurrent Rebuild Remembered Sets 0.003ms
[2024-11-29T11:02:32.152-0800][gc,start    ] GC(2) Pause Cleanup
[2024-11-29T11:02:32.152-0800][gc          ] GC(2) Pause Cleanup 140M->140M(1024M) 0.005ms
[2024-11-29T11:02:32.152-0800][gc,cpu      ] GC(2) User=0.00s Sys=0.00s Real=0.00s
[2024-11-29T11:02:32.152-0800][gc,marking  ] GC(2) Concurrent Cleanup for Next Mark
[2024-11-29T11:02:32.153-0800][gc,marking  ] GC(2) Concurrent Cleanup for Next Mark 1.057ms
[2024-11-29T11:02:32.153-0800][gc          ] GC(2) Concurrent Mark Cycle 3.463ms
[2024-11-29T11:02:32.337-0800][gc,start    ] GC(3) Pause Young (Normal) (G1 Evacuation Pause)
[2024-11-29T11:02:32.337-0800][gc,task     ] GC(3) Using 10 workers of 10 for evacuation
[2024-11-29T11:02:32.338-0800][gc,phases   ] GC(3)   Pre Evacuate Collection Set: 0.1ms
[2024-11-29T11:02:32.338-0800][gc,phases   ] GC(3)   Merge Heap Roots: 0.0ms
[2024-11-29T11:02:32.338-0800][gc,phases   ] GC(3)   Evacuate Collection Set: 1.0ms
[2024-11-29T11:02:32.338-0800][gc,phases   ] GC(3)   Post Evacuate Collection Set: 0.2ms
[2024-11-29T11:02:32.338-0800][gc,phases   ] GC(3)   Other: 0.1ms
[2024-11-29T11:02:32.338-0800][gc,heap     ] GC(3) Eden regions: 49->0(44)
[2024-11-29T11:02:32.338-0800][gc,heap     ] GC(3) Survivor regions: 2->7(7)
[2024-11-29T11:02:32.338-0800][gc,heap     ] GC(3) Old regions: 8->8
[2024-11-29T11:02:32.338-0800][gc,heap     ] GC(3) Archive regions: 2->2
[2024-11-29T11:02:32.338-0800][gc,heap     ] GC(3) Humongous regions: 129->129
[2024-11-29T11:02:32.338-0800][gc,metaspace] GC(3) Metaspace: 32803K(33024K)->32803K(33024K) NonClass: 28864K(28992K)->28864K(28992K) Class: 3938K(4032K)->3938K(4032K)
[2024-11-29T11:02:32.338-0800][gc          ] GC(3) Pause Young (Normal) (G1 Evacuation Pause) 188M->144M(1024M) 1.324ms
[2024-11-29T11:02:32.338-0800][gc,cpu      ] GC(3) User=0.01s Sys=0.00s Real=0.00s
[2024-11-29T11:03:02.140-0800][gc,start    ] GC(4) Pause Young (Concurrent Start) (Metadata GC Threshold)
[2024-11-29T11:03:02.140-0800][gc,task     ] GC(4) Using 10 workers of 10 for evacuation
[2024-11-29T11:03:02.148-0800][gc,phases   ] GC(4)   Pre Evacuate Collection Set: 0.4ms
[2024-11-29T11:03:02.148-0800][gc,phases   ] GC(4)   Merge Heap Roots: 0.1ms
[2024-11-29T11:03:02.148-0800][gc,phases   ] GC(4)   Evacuate Collection Set: 6.4ms
[2024-11-29T11:03:02.148-0800][gc,phases   ] GC(4)   Post Evacuate Collection Set: 0.4ms
[2024-11-29T11:03:02.148-0800][gc,phases   ] GC(4)   Other: 0.5ms
[2024-11-29T11:03:02.148-0800][gc,heap     ] GC(4) Eden regions: 14->0(49)
[2024-11-29T11:03:02.148-0800][gc,heap     ] GC(4) Survivor regions: 7->2(7)
[2024-11-29T11:03:02.148-0800][gc,heap     ] GC(4) Old regions: 8->14
[2024-11-29T11:03:02.148-0800][gc,heap     ] GC(4) Archive regions: 2->2
[2024-11-29T11:03:02.148-0800][gc,heap     ] GC(4) Humongous regions: 129->129
[2024-11-29T11:03:02.148-0800][gc,metaspace] GC(4) Metaspace: 35860K(36096K)->35860K(36096K) NonClass: 31566K(31680K)->31566K(31680K) Class: 4294K(4416K)->4294K(4416K)
[2024-11-29T11:03:02.148-0800][gc          ] GC(4) Pause Young (Concurrent Start) (Metadata GC Threshold) 157M->144M(1024M) 8.137ms
[2024-11-29T11:03:02.148-0800][gc,cpu      ] GC(4) User=0.02s Sys=0.00s Real=0.00s
[2024-11-29T11:03:02.148-0800][gc          ] GC(5) Concurrent Mark Cycle
[2024-11-29T11:03:02.148-0800][gc,marking  ] GC(5) Concurrent Clear Claimed Marks
[2024-11-29T11:03:02.148-0800][gc,marking  ] GC(5) Concurrent Clear Claimed Marks 0.026ms
[2024-11-29T11:03:02.148-0800][gc,marking  ] GC(5) Concurrent Scan Root Regions
[2024-11-29T11:03:02.151-0800][gc,marking  ] GC(5) Concurrent Scan Root Regions 2.263ms
[2024-11-29T11:03:02.151-0800][gc,marking  ] GC(5) Concurrent Mark
[2024-11-29T11:03:02.151-0800][gc,marking  ] GC(5) Concurrent Mark From Roots
[2024-11-29T11:03:02.151-0800][gc,task     ] GC(5) Using 3 workers of 3 for marking
[2024-11-29T11:03:02.155-0800][gc,marking  ] GC(5) Concurrent Mark From Roots 3.915ms
[2024-11-29T11:03:02.157-0800][gc,marking  ] GC(5) Concurrent Preclean
[2024-11-29T11:03:02.157-0800][gc,marking  ] GC(5) Concurrent Preclean 0.057ms
[2024-11-29T11:03:02.157-0800][gc,start    ] GC(5) Pause Remark
[2024-11-29T11:03:02.158-0800][gc          ] GC(5) Pause Remark 145M->145M(1024M) 0.920ms
[2024-11-29T11:03:02.158-0800][gc,cpu      ] GC(5) User=0.01s Sys=0.00s Real=0.00s
[2024-11-29T11:03:02.158-0800][gc,marking  ] GC(5) Concurrent Mark 7.114ms
[2024-11-29T11:03:02.158-0800][gc,marking  ] GC(5) Concurrent Rebuild Remembered Sets
[2024-11-29T11:03:02.160-0800][gc,marking  ] GC(5) Concurrent Rebuild Remembered Sets 2.386ms
[2024-11-29T11:03:02.160-0800][gc,start    ] GC(5) Pause Cleanup
[2024-11-29T11:03:02.160-0800][gc          ] GC(5) Pause Cleanup 145M->145M(1024M) 0.096ms
[2024-11-29T11:03:02.160-0800][gc,cpu      ] GC(5) User=0.00s Sys=0.00s Real=0.00s
[2024-11-29T11:03:02.160-0800][gc,marking  ] GC(5) Concurrent Cleanup for Next Mark
[2024-11-29T11:03:02.162-0800][gc,marking  ] GC(5) Concurrent Cleanup for Next Mark 1.269ms
[2024-11-29T11:03:02.162-0800][gc          ] GC(5) Concurrent Mark Cycle 13.369ms
[2024-11-29T11:21:25.446-0800][gc,start    ] GC(6) Pause Young (Normal) (G1 Evacuation Pause)
[2024-11-29T11:21:25.446-0800][gc,task     ] GC(6) Using 10 workers of 10 for evacuation
[2024-11-29T11:21:25.452-0800][gc,phases   ] GC(6)   Pre Evacuate Collection Set: 0.3ms
[2024-11-29T11:21:25.452-0800][gc,phases   ] GC(6)   Merge Heap Roots: 0.1ms
[2024-11-29T11:21:25.452-0800][gc,phases   ] GC(6)   Evacuate Collection Set: 5.0ms
[2024-11-29T11:21:25.452-0800][gc,phases   ] GC(6)   Post Evacuate Collection Set: 0.5ms
[2024-11-29T11:21:25.452-0800][gc,phases   ] GC(6)   Other: 0.4ms
[2024-11-29T11:21:25.452-0800][gc,heap     ] GC(6) Eden regions: 49->0(46)
[2024-11-29T11:21:25.452-0800][gc,heap     ] GC(6) Survivor regions: 2->5(7)
[2024-11-29T11:21:25.453-0800][gc,heap     ] GC(6) Old regions: 14->14
[2024-11-29T11:21:25.453-0800][gc,heap     ] GC(6) Archive regions: 2->2
[2024-11-29T11:21:25.453-0800][gc,heap     ] GC(6) Humongous regions: 129->129
[2024-11-29T11:21:25.453-0800][gc,metaspace] GC(6) Metaspace: 40929K(41408K)->40929K(41408K) NonClass: 35900K(36160K)->35900K(36160K) Class: 5029K(5248K)->5029K(5248K)
[2024-11-29T11:21:25.453-0800][gc          ] GC(6) Pause Young (Normal) (G1 Evacuation Pause) 193M->148M(1024M) 6.496ms
[2024-11-29T11:21:25.453-0800][gc,cpu      ] GC(6) User=0.02s Sys=0.00s Real=0.01s
[2024-11-29T11:26:03.063-0800][gc,heap,exit] Heap
[2024-11-29T11:26:03.063-0800][gc,heap,exit]  garbage-first heap   total 1048576K, used 190416K [0x00000007c0000000, 0x0000000800000000)
[2024-11-29T11:26:03.063-0800][gc,heap,exit]   region size 1024K, 43 young (44032K), 5 survivors (5120K)
[2024-11-29T11:26:03.063-0800][gc,heap,exit]  Metaspace       used 44089K, committed 44672K, reserved 1114112K
[2024-11-29T11:26:03.063-0800][gc,heap,exit]   class space    used 5652K, committed 5888K, reserved 1048576K
