[2024-12-02T17:25:49.663-0800][gc] Using G1
[2024-12-02T17:25:49.664-0800][gc,init] Version: 17.0.11+7-LTS-207 (release)
[2024-12-02T17:25:49.664-0800][gc,init] CPUs: 12 total, 12 available
[2024-12-02T17:25:49.664-0800][gc,init] Memory: 24576M
[2024-12-02T17:25:49.664-0800][gc,init] Large Page Support: Disabled
[2024-12-02T17:25:49.664-0800][gc,init] NUMA Support: Disabled
[2024-12-02T17:25:49.664-0800][gc,init] Compressed Oops: Enabled (Zero based)
[2024-12-02T17:25:49.664-0800][gc,init] Heap Region Size: 1M
[2024-12-02T17:25:49.664-0800][gc,init] Heap Min Capacity: 1G
[2024-12-02T17:25:49.664-0800][gc,init] Heap Initial Capacity: 1G
[2024-12-02T17:25:49.664-0800][gc,init] Heap Max Capacity: 1G
[2024-12-02T17:25:49.664-0800][gc,init] Pre-touch: Disabled
[2024-12-02T17:25:49.664-0800][gc,init] Parallel Workers: 10
[2024-12-02T17:25:49.664-0800][gc,init] Concurrent Workers: 3
[2024-12-02T17:25:49.664-0800][gc,init] Concurrent Refinement Workers: 10
[2024-12-02T17:25:49.664-0800][gc,init] Periodic GC: Disabled
[2024-12-02T17:25:49.666-0800][gc,metaspace] CDS archive(s) mapped at: [0x0000007000000000-0x0000007000be0000-0x0000007000be0000), size 12451840, SharedBaseAddress: 0x0000007000000000, ArchiveRelocationMode: 1.
[2024-12-02T17:25:49.666-0800][gc,metaspace] Compressed class space mapped at: 0x0000007001000000-0x0000007041000000, reserved size: 1073741824
[2024-12-02T17:25:49.666-0800][gc,metaspace] Narrow klass base: 0x0000007000000000, Narrow klass shift: 0, Narrow klass range: 0x100000000
[2024-12-02T17:25:50.049-0800][gc,start    ] GC(0) Pause Young (Normal) (G1 Evacuation Pause)
[2024-12-02T17:25:50.049-0800][gc,task     ] GC(0) Using 10 workers of 10 for evacuation
[2024-12-02T17:25:50.052-0800][gc,phases   ] GC(0)   Pre Evacuate Collection Set: 0.1ms
[2024-12-02T17:25:50.052-0800][gc,phases   ] GC(0)   Merge Heap Roots: 0.0ms
[2024-12-02T17:25:50.052-0800][gc,phases   ] GC(0)   Evacuate Collection Set: 1.7ms
[2024-12-02T17:25:50.052-0800][gc,phases   ] GC(0)   Post Evacuate Collection Set: 0.2ms
[2024-12-02T17:25:50.052-0800][gc,phases   ] GC(0)   Other: 0.2ms
[2024-12-02T17:25:50.052-0800][gc,heap     ] GC(0) Eden regions: 51->0(44)
[2024-12-02T17:25:50.052-0800][gc,heap     ] GC(0) Survivor regions: 0->7(7)
[2024-12-02T17:25:50.052-0800][gc,heap     ] GC(0) Old regions: 0->1
[2024-12-02T17:25:50.052-0800][gc,heap     ] GC(0) Archive regions: 2->2
[2024-12-02T17:25:50.052-0800][gc,heap     ] GC(0) Humongous regions: 0->0
[2024-12-02T17:25:50.052-0800][gc,metaspace] GC(0) Metaspace: 18022K(18176K)->18022K(18176K) NonClass: 15657K(15744K)->15657K(15744K) Class: 2364K(2432K)->2364K(2432K)
[2024-12-02T17:25:50.052-0800][gc          ] GC(0) Pause Young (Normal) (G1 Evacuation Pause) 51M->8M(1024M) 2.321ms
[2024-12-02T17:25:50.052-0800][gc,cpu      ] GC(0) User=0.01s Sys=0.01s Real=0.01s
[2024-12-02T17:25:50.127-0800][gc,start    ] GC(1) Pause Young (Concurrent Start) (Metadata GC Threshold)
[2024-12-02T17:25:50.127-0800][gc,task     ] GC(1) Using 10 workers of 10 for evacuation
[2024-12-02T17:25:50.128-0800][gc,phases   ] GC(1)   Pre Evacuate Collection Set: 0.1ms
[2024-12-02T17:25:50.128-0800][gc,phases   ] GC(1)   Merge Heap Roots: 0.0ms
[2024-12-02T17:25:50.128-0800][gc,phases   ] GC(1)   Evacuate Collection Set: 1.0ms
[2024-12-02T17:25:50.128-0800][gc,phases   ] GC(1)   Post Evacuate Collection Set: 0.2ms
[2024-12-02T17:25:50.128-0800][gc,phases   ] GC(1)   Other: 0.1ms
[2024-12-02T17:25:50.128-0800][gc,heap     ] GC(1) Eden regions: 14->0(49)
[2024-12-02T17:25:50.128-0800][gc,heap     ] GC(1) Survivor regions: 7->2(7)
[2024-12-02T17:25:50.128-0800][gc,heap     ] GC(1) Old regions: 1->8
[2024-12-02T17:25:50.128-0800][gc,heap     ] GC(1) Archive regions: 2->2
[2024-12-02T17:25:50.128-0800][gc,heap     ] GC(1) Humongous regions: 129->129
[2024-12-02T17:25:50.128-0800][gc,metaspace] GC(1) Metaspace: 21304K(21504K)->21304K(21504K) NonClass: 18430K(18496K)->18430K(18496K) Class: 2874K(3008K)->2874K(3008K)
[2024-12-02T17:25:50.128-0800][gc          ] GC(1) Pause Young (Concurrent Start) (Metadata GC Threshold) 151M->139M(1024M) 1.400ms
[2024-12-02T17:25:50.128-0800][gc,cpu      ] GC(1) User=0.01s Sys=0.01s Real=0.00s
[2024-12-02T17:25:50.128-0800][gc          ] GC(2) Concurrent Mark Cycle
[2024-12-02T17:25:50.128-0800][gc,marking  ] GC(2) Concurrent Clear Claimed Marks
[2024-12-02T17:25:50.128-0800][gc,marking  ] GC(2) Concurrent Clear Claimed Marks 0.006ms
[2024-12-02T17:25:50.128-0800][gc,marking  ] GC(2) Concurrent Scan Root Regions
[2024-12-02T17:25:50.129-0800][gc,marking  ] GC(2) Concurrent Scan Root Regions 0.584ms
[2024-12-02T17:25:50.129-0800][gc,marking  ] GC(2) Concurrent Mark
[2024-12-02T17:25:50.129-0800][gc,marking  ] GC(2) Concurrent Mark From Roots
[2024-12-02T17:25:50.129-0800][gc,task     ] GC(2) Using 3 workers of 3 for marking
[2024-12-02T17:25:50.130-0800][gc,marking  ] GC(2) Concurrent Mark From Roots 0.947ms
[2024-12-02T17:25:50.130-0800][gc,marking  ] GC(2) Concurrent Preclean
[2024-12-02T17:25:50.130-0800][gc,marking  ] GC(2) Concurrent Preclean 0.012ms
[2024-12-02T17:25:50.130-0800][gc,start    ] GC(2) Pause Remark
[2024-12-02T17:25:50.131-0800][gc          ] GC(2) Pause Remark 140M->140M(1024M) 0.670ms
[2024-12-02T17:25:50.131-0800][gc,cpu      ] GC(2) User=0.00s Sys=0.00s Real=0.00s
[2024-12-02T17:25:50.131-0800][gc,marking  ] GC(2) Concurrent Mark 1.726ms
[2024-12-02T17:25:50.131-0800][gc,marking  ] GC(2) Concurrent Rebuild Remembered Sets
[2024-12-02T17:25:50.131-0800][gc,marking  ] GC(2) Concurrent Rebuild Remembered Sets 0.003ms
[2024-12-02T17:25:50.131-0800][gc,start    ] GC(2) Pause Cleanup
[2024-12-02T17:25:50.131-0800][gc          ] GC(2) Pause Cleanup 140M->140M(1024M) 0.004ms
[2024-12-02T17:25:50.131-0800][gc,cpu      ] GC(2) User=0.00s Sys=0.00s Real=0.00s
[2024-12-02T17:25:50.131-0800][gc,marking  ] GC(2) Concurrent Cleanup for Next Mark
[2024-12-02T17:25:50.132-0800][gc,marking  ] GC(2) Concurrent Cleanup for Next Mark 0.955ms
[2024-12-02T17:25:50.132-0800][gc          ] GC(2) Concurrent Mark Cycle 3.407ms
[2024-12-02T17:25:50.323-0800][gc,start    ] GC(3) Pause Young (Normal) (G1 Evacuation Pause)
[2024-12-02T17:25:50.323-0800][gc,task     ] GC(3) Using 10 workers of 10 for evacuation
[2024-12-02T17:25:50.325-0800][gc,phases   ] GC(3)   Pre Evacuate Collection Set: 0.1ms
[2024-12-02T17:25:50.325-0800][gc,phases   ] GC(3)   Merge Heap Roots: 0.0ms
[2024-12-02T17:25:50.325-0800][gc,phases   ] GC(3)   Evacuate Collection Set: 1.1ms
[2024-12-02T17:25:50.325-0800][gc,phases   ] GC(3)   Post Evacuate Collection Set: 0.2ms
[2024-12-02T17:25:50.325-0800][gc,phases   ] GC(3)   Other: 0.1ms
[2024-12-02T17:25:50.325-0800][gc,heap     ] GC(3) Eden regions: 49->0(45)
[2024-12-02T17:25:50.325-0800][gc,heap     ] GC(3) Survivor regions: 2->6(7)
[2024-12-02T17:25:50.325-0800][gc,heap     ] GC(3) Old regions: 8->8
[2024-12-02T17:25:50.325-0800][gc,heap     ] GC(3) Archive regions: 2->2
[2024-12-02T17:25:50.325-0800][gc,heap     ] GC(3) Humongous regions: 129->129
[2024-12-02T17:25:50.325-0800][gc,metaspace] GC(3) Metaspace: 32697K(32896K)->32697K(32896K) NonClass: 28764K(28864K)->28764K(28864K) Class: 3933K(4032K)->3933K(4032K)
[2024-12-02T17:25:50.325-0800][gc          ] GC(3) Pause Young (Normal) (G1 Evacuation Pause) 188M->143M(1024M) 1.493ms
[2024-12-02T17:25:50.325-0800][gc,cpu      ] GC(3) User=0.01s Sys=0.00s Real=0.00s
[2024-12-02T17:26:20.116-0800][gc,start    ] GC(4) Pause Young (Concurrent Start) (Metadata GC Threshold)
[2024-12-02T17:26:20.116-0800][gc,task     ] GC(4) Using 10 workers of 10 for evacuation
[2024-12-02T17:26:20.123-0800][gc,phases   ] GC(4)   Pre Evacuate Collection Set: 0.3ms
[2024-12-02T17:26:20.123-0800][gc,phases   ] GC(4)   Merge Heap Roots: 0.1ms
[2024-12-02T17:26:20.123-0800][gc,phases   ] GC(4)   Evacuate Collection Set: 5.7ms
[2024-12-02T17:26:20.123-0800][gc,phases   ] GC(4)   Post Evacuate Collection Set: 0.4ms
[2024-12-02T17:26:20.123-0800][gc,phases   ] GC(4)   Other: 0.6ms
[2024-12-02T17:26:20.123-0800][gc,heap     ] GC(4) Eden regions: 15->0(49)
[2024-12-02T17:26:20.123-0800][gc,heap     ] GC(4) Survivor regions: 6->2(7)
[2024-12-02T17:26:20.123-0800][gc,heap     ] GC(4) Old regions: 8->14
[2024-12-02T17:26:20.123-0800][gc,heap     ] GC(4) Archive regions: 2->2
[2024-12-02T17:26:20.123-0800][gc,heap     ] GC(4) Humongous regions: 129->129
[2024-12-02T17:26:20.123-0800][gc,metaspace] GC(4) Metaspace: 35855K(36096K)->35855K(36096K) NonClass: 31559K(31680K)->31559K(31680K) Class: 4295K(4416K)->4295K(4416K)
[2024-12-02T17:26:20.123-0800][gc          ] GC(4) Pause Young (Concurrent Start) (Metadata GC Threshold) 158M->145M(1024M) 7.246ms
[2024-12-02T17:26:20.123-0800][gc,cpu      ] GC(4) User=0.02s Sys=0.00s Real=0.01s
[2024-12-02T17:26:20.123-0800][gc          ] GC(5) Concurrent Mark Cycle
[2024-12-02T17:26:20.123-0800][gc,marking  ] GC(5) Concurrent Clear Claimed Marks
[2024-12-02T17:26:20.123-0800][gc,marking  ] GC(5) Concurrent Clear Claimed Marks 0.024ms
[2024-12-02T17:26:20.123-0800][gc,marking  ] GC(5) Concurrent Scan Root Regions
[2024-12-02T17:26:20.125-0800][gc,marking  ] GC(5) Concurrent Scan Root Regions 2.101ms
[2024-12-02T17:26:20.125-0800][gc,marking  ] GC(5) Concurrent Mark
[2024-12-02T17:26:20.125-0800][gc,marking  ] GC(5) Concurrent Mark From Roots
[2024-12-02T17:26:20.125-0800][gc,task     ] GC(5) Using 3 workers of 3 for marking
[2024-12-02T17:26:20.129-0800][gc,marking  ] GC(5) Concurrent Mark From Roots 3.665ms
[2024-12-02T17:26:20.129-0800][gc,marking  ] GC(5) Concurrent Preclean
[2024-12-02T17:26:20.129-0800][gc,marking  ] GC(5) Concurrent Preclean 0.055ms
[2024-12-02T17:26:20.129-0800][gc,start    ] GC(5) Pause Remark
[2024-12-02T17:26:20.133-0800][gc          ] GC(5) Pause Remark 146M->146M(1024M) 3.417ms
[2024-12-02T17:26:20.133-0800][gc,cpu      ] GC(5) User=0.00s Sys=0.00s Real=0.01s
[2024-12-02T17:26:20.133-0800][gc,marking  ] GC(5) Concurrent Mark 7.305ms
[2024-12-02T17:26:20.133-0800][gc,marking  ] GC(5) Concurrent Rebuild Remembered Sets
[2024-12-02T17:26:20.133-0800][gc,marking  ] GC(5) Concurrent Rebuild Remembered Sets 0.006ms
[2024-12-02T17:26:20.133-0800][gc,start    ] GC(5) Pause Cleanup
[2024-12-02T17:26:20.133-0800][gc          ] GC(5) Pause Cleanup 146M->146M(1024M) 0.016ms
[2024-12-02T17:26:20.133-0800][gc,cpu      ] GC(5) User=0.00s Sys=0.00s Real=0.00s
[2024-12-02T17:26:20.133-0800][gc,marking  ] GC(5) Concurrent Cleanup for Next Mark
[2024-12-02T17:26:20.134-0800][gc,marking  ] GC(5) Concurrent Cleanup for Next Mark 1.428ms
[2024-12-02T17:26:20.134-0800][gc          ] GC(5) Concurrent Mark Cycle 11.096ms
[2024-12-02T17:33:29.853-0800][gc,start    ] GC(6) Pause Young (Normal) (G1 Evacuation Pause)
[2024-12-02T17:33:29.853-0800][gc,task     ] GC(6) Using 10 workers of 10 for evacuation
[2024-12-02T17:33:29.860-0800][gc,phases   ] GC(6)   Pre Evacuate Collection Set: 0.2ms
[2024-12-02T17:33:29.860-0800][gc,phases   ] GC(6)   Merge Heap Roots: 0.1ms
[2024-12-02T17:33:29.860-0800][gc,phases   ] GC(6)   Evacuate Collection Set: 6.1ms
[2024-12-02T17:33:29.860-0800][gc,phases   ] GC(6)   Post Evacuate Collection Set: 0.6ms
[2024-12-02T17:33:29.860-0800][gc,phases   ] GC(6)   Other: 0.5ms
[2024-12-02T17:33:29.861-0800][gc,heap     ] GC(6) Eden regions: 49->0(46)
[2024-12-02T17:33:29.861-0800][gc,heap     ] GC(6) Survivor regions: 2->5(7)
[2024-12-02T17:33:29.861-0800][gc,heap     ] GC(6) Old regions: 14->14
[2024-12-02T17:33:29.861-0800][gc,heap     ] GC(6) Archive regions: 2->2
[2024-12-02T17:33:29.861-0800][gc,heap     ] GC(6) Humongous regions: 129->129
[2024-12-02T17:33:29.861-0800][gc,metaspace] GC(6) Metaspace: 40574K(41024K)->40574K(41024K) NonClass: 35652K(35904K)->35652K(35904K) Class: 4921K(5120K)->4921K(5120K)
[2024-12-02T17:33:29.861-0800][gc          ] GC(6) Pause Young (Normal) (G1 Evacuation Pause) 194M->148M(1024M) 7.736ms
[2024-12-02T17:33:29.861-0800][gc,cpu      ] GC(6) User=0.02s Sys=0.00s Real=0.01s
[2024-12-02T17:38:29.998-0800][gc,start    ] GC(7) Pause Young (Normal) (G1 Evacuation Pause)
[2024-12-02T17:38:29.999-0800][gc,task     ] GC(7) Using 10 workers of 10 for evacuation
[2024-12-02T17:38:30.008-0800][gc,phases   ] GC(7)   Pre Evacuate Collection Set: 0.4ms
[2024-12-02T17:38:30.008-0800][gc,phases   ] GC(7)   Merge Heap Roots: 0.2ms
[2024-12-02T17:38:30.008-0800][gc,phases   ] GC(7)   Evacuate Collection Set: 7.9ms
[2024-12-02T17:38:30.008-0800][gc,phases   ] GC(7)   Post Evacuate Collection Set: 0.3ms
[2024-12-02T17:38:30.008-0800][gc,phases   ] GC(7)   Other: 0.4ms
[2024-12-02T17:38:30.008-0800][gc,heap     ] GC(7) Eden regions: 46->0(48)
[2024-12-02T17:38:30.008-0800][gc,heap     ] GC(7) Survivor regions: 5->3(7)
[2024-12-02T17:38:30.008-0800][gc,heap     ] GC(7) Old regions: 14->16
[2024-12-02T17:38:30.008-0800][gc,heap     ] GC(7) Archive regions: 2->2
[2024-12-02T17:38:30.008-0800][gc,heap     ] GC(7) Humongous regions: 129->129
[2024-12-02T17:38:30.008-0800][gc,metaspace] GC(7) Metaspace: 41343K(41856K)->41343K(41856K) NonClass: 36300K(36544K)->36300K(36544K) Class: 5042K(5312K)->5042K(5312K)
[2024-12-02T17:38:30.008-0800][gc          ] GC(7) Pause Young (Normal) (G1 Evacuation Pause) 194M->148M(1024M) 9.331ms
[2024-12-02T17:38:30.008-0800][gc,cpu      ] GC(7) User=0.03s Sys=0.01s Real=0.01s
[2024-12-02T17:43:59.174-0800][gc,start    ] GC(8) Pause Young (Normal) (G1 Evacuation Pause)
[2024-12-02T17:43:59.174-0800][gc,task     ] GC(8) Using 10 workers of 10 for evacuation
[2024-12-02T17:43:59.184-0800][gc,phases   ] GC(8)   Pre Evacuate Collection Set: 0.5ms
[2024-12-02T17:43:59.184-0800][gc,phases   ] GC(8)   Merge Heap Roots: 0.1ms
[2024-12-02T17:43:59.184-0800][gc,phases   ] GC(8)   Evacuate Collection Set: 8.3ms
[2024-12-02T17:43:59.184-0800][gc,phases   ] GC(8)   Post Evacuate Collection Set: 0.5ms
[2024-12-02T17:43:59.184-0800][gc,phases   ] GC(8)   Other: 0.5ms
[2024-12-02T17:43:59.184-0800][gc,heap     ] GC(8) Eden regions: 48->0(46)
[2024-12-02T17:43:59.184-0800][gc,heap     ] GC(8) Survivor regions: 3->5(7)
[2024-12-02T17:43:59.184-0800][gc,heap     ] GC(8) Old regions: 16->16
[2024-12-02T17:43:59.184-0800][gc,heap     ] GC(8) Archive regions: 2->2
[2024-12-02T17:43:59.184-0800][gc,heap     ] GC(8) Humongous regions: 129->129
[2024-12-02T17:43:59.184-0800][gc,metaspace] GC(8) Metaspace: 41471K(41984K)->41471K(41984K) NonClass: 36428K(36672K)->36428K(36672K) Class: 5043K(5312K)->5043K(5312K)
[2024-12-02T17:43:59.184-0800][gc          ] GC(8) Pause Young (Normal) (G1 Evacuation Pause) 196M->150M(1024M) 10.364ms
[2024-12-02T17:43:59.184-0800][gc,cpu      ] GC(8) User=0.03s Sys=0.00s Real=0.01s
[2024-12-02T17:50:37.540-0800][gc,start    ] GC(9) Pause Young (Normal) (G1 Evacuation Pause)
[2024-12-02T17:50:37.540-0800][gc,task     ] GC(9) Using 10 workers of 10 for evacuation
[2024-12-02T17:50:37.551-0800][gc,phases   ] GC(9)   Pre Evacuate Collection Set: 0.2ms
[2024-12-02T17:50:37.551-0800][gc,phases   ] GC(9)   Merge Heap Roots: 0.1ms
[2024-12-02T17:50:37.551-0800][gc,phases   ] GC(9)   Evacuate Collection Set: 9.9ms
[2024-12-02T17:50:37.551-0800][gc,phases   ] GC(9)   Post Evacuate Collection Set: 0.4ms
[2024-12-02T17:50:37.551-0800][gc,phases   ] GC(9)   Other: 0.3ms
[2024-12-02T17:50:37.551-0800][gc,heap     ] GC(9) Eden regions: 46->0(44)
[2024-12-02T17:50:37.551-0800][gc,heap     ] GC(9) Survivor regions: 5->7(7)
[2024-12-02T17:50:37.551-0800][gc,heap     ] GC(9) Old regions: 16->18
[2024-12-02T17:50:37.551-0800][gc,heap     ] GC(9) Archive regions: 2->2
[2024-12-02T17:50:37.551-0800][gc,heap     ] GC(9) Humongous regions: 129->129
[2024-12-02T17:50:37.551-0800][gc,metaspace] GC(9) Metaspace: 41709K(42240K)->41709K(42240K) NonClass: 36628K(36928K)->36628K(36928K) Class: 5080K(5312K)->5080K(5312K)
[2024-12-02T17:50:37.551-0800][gc          ] GC(9) Pause Young (Normal) (G1 Evacuation Pause) 196M->154M(1024M) 11.051ms
[2024-12-02T17:50:37.551-0800][gc,cpu      ] GC(9) User=0.03s Sys=0.00s Real=0.01s
[2024-12-02T17:57:32.729-0800][gc,start    ] GC(10) Pause Young (Normal) (G1 Evacuation Pause)
[2024-12-02T17:57:32.729-0800][gc,task     ] GC(10) Using 10 workers of 10 for evacuation
[2024-12-02T17:57:32.743-0800][gc,phases   ] GC(10)   Pre Evacuate Collection Set: 0.3ms
[2024-12-02T17:57:32.743-0800][gc,phases   ] GC(10)   Merge Heap Roots: 0.1ms
[2024-12-02T17:57:32.743-0800][gc,phases   ] GC(10)   Evacuate Collection Set: 12.7ms
[2024-12-02T17:57:32.743-0800][gc,phases   ] GC(10)   Post Evacuate Collection Set: 0.4ms
[2024-12-02T17:57:32.743-0800][gc,phases   ] GC(10)   Other: 0.4ms
[2024-12-02T17:57:32.743-0800][gc,heap     ] GC(10) Eden regions: 44->0(74)
[2024-12-02T17:57:32.743-0800][gc,heap     ] GC(10) Survivor regions: 7->4(7)
[2024-12-02T17:57:32.743-0800][gc,heap     ] GC(10) Old regions: 18->23
[2024-12-02T17:57:32.743-0800][gc,heap     ] GC(10) Archive regions: 2->2
[2024-12-02T17:57:32.743-0800][gc,heap     ] GC(10) Humongous regions: 129->129
[2024-12-02T17:57:32.743-0800][gc,metaspace] GC(10) Metaspace: 41749K(42240K)->41749K(42240K) NonClass: 36668K(36928K)->36668K(36928K) Class: 5080K(5312K)->5080K(5312K)
[2024-12-02T17:57:32.743-0800][gc          ] GC(10) Pause Young (Normal) (G1 Evacuation Pause) 198M->156M(1024M) 14.023ms
[2024-12-02T17:57:32.743-0800][gc,cpu      ] GC(10) User=0.05s Sys=0.00s Real=0.02s
[2024-12-02T18:00:38.164-0800][gc,heap,exit] Heap
[2024-12-02T18:00:38.164-0800][gc,heap,exit]  garbage-first heap   total 1048576K, used 192753K [0x00000007c0000000, 0x0000000800000000)
[2024-12-02T18:00:38.164-0800][gc,heap,exit]   region size 1024K, 36 young (36864K), 4 survivors (4096K)
[2024-12-02T18:00:38.164-0800][gc,heap,exit]  Metaspace       used 42857K, committed 43392K, reserved 1114112K
[2024-12-02T18:00:38.164-0800][gc,heap,exit]   class space    used 5306K, committed 5568K, reserved 1048576K
