[2024-12-02T17:25:41.686-0800][gc] Using G1
[2024-12-02T17:25:41.687-0800][gc,init] Version: 17.0.11+7-LTS-207 (release)
[2024-12-02T17:25:41.687-0800][gc,init] CPUs: 12 total, 12 available
[2024-12-02T17:25:41.687-0800][gc,init] Memory: 24576M
[2024-12-02T17:25:41.687-0800][gc,init] Large Page Support: Disabled
[2024-12-02T17:25:41.687-0800][gc,init] NUMA Support: Disabled
[2024-12-02T17:25:41.687-0800][gc,init] Compressed Oops: Enabled (Zero based)
[2024-12-02T17:25:41.687-0800][gc,init] Heap Region Size: 1M
[2024-12-02T17:25:41.687-0800][gc,init] Heap Min Capacity: 1G
[2024-12-02T17:25:41.687-0800][gc,init] Heap Initial Capacity: 1G
[2024-12-02T17:25:41.687-0800][gc,init] Heap Max Capacity: 1G
[2024-12-02T17:25:41.687-0800][gc,init] Pre-touch: Disabled
[2024-12-02T17:25:41.687-0800][gc,init] Parallel Workers: 10
[2024-12-02T17:25:41.687-0800][gc,init] Concurrent Workers: 3
[2024-12-02T17:25:41.687-0800][gc,init] Concurrent Refinement Workers: 10
[2024-12-02T17:25:41.687-0800][gc,init] Periodic GC: Disabled
[2024-12-02T17:25:41.689-0800][gc,metaspace] CDS archive(s) mapped at: [0x0000000300000000-0x0000000300be0000-0x0000000300be0000), size 12451840, SharedBaseAddress: 0x0000000300000000, ArchiveRelocationMode: 1.
[2024-12-02T17:25:41.689-0800][gc,metaspace] Compressed class space mapped at: 0x0000000301000000-0x0000000341000000, reserved size: 1073741824
[2024-12-02T17:25:41.689-0800][gc,metaspace] Narrow klass base: 0x0000000300000000, Narrow klass shift: 0, Narrow klass range: 0x100000000
[2024-12-02T17:25:42.160-0800][gc,start    ] GC(0) Pause Young (Normal) (G1 Evacuation Pause)
[2024-12-02T17:25:42.160-0800][gc,task     ] GC(0) Using 10 workers of 10 for evacuation
[2024-12-02T17:25:42.162-0800][gc,phases   ] GC(0)   Pre Evacuate Collection Set: 0.1ms
[2024-12-02T17:25:42.162-0800][gc,phases   ] GC(0)   Merge Heap Roots: 0.0ms
[2024-12-02T17:25:42.162-0800][gc,phases   ] GC(0)   Evacuate Collection Set: 2.0ms
[2024-12-02T17:25:42.163-0800][gc,phases   ] GC(0)   Post Evacuate Collection Set: 0.2ms
[2024-12-02T17:25:42.163-0800][gc,phases   ] GC(0)   Other: 0.2ms
[2024-12-02T17:25:42.163-0800][gc,heap     ] GC(0) Eden regions: 51->0(44)
[2024-12-02T17:25:42.163-0800][gc,heap     ] GC(0) Survivor regions: 0->7(7)
[2024-12-02T17:25:42.163-0800][gc,heap     ] GC(0) Old regions: 0->2
[2024-12-02T17:25:42.163-0800][gc,heap     ] GC(0) Archive regions: 2->2
[2024-12-02T17:25:42.163-0800][gc,heap     ] GC(0) Humongous regions: 0->0
[2024-12-02T17:25:42.163-0800][gc,metaspace] GC(0) Metaspace: 17991K(18176K)->17991K(18176K) NonClass: 15618K(15744K)->15618K(15744K) Class: 2373K(2432K)->2373K(2432K)
[2024-12-02T17:25:42.163-0800][gc          ] GC(0) Pause Young (Normal) (G1 Evacuation Pause) 51M->9M(1024M) 2.578ms
[2024-12-02T17:25:42.163-0800][gc,cpu      ] GC(0) User=0.01s Sys=0.00s Real=0.00s
[2024-12-02T17:25:42.267-0800][gc,start    ] GC(1) Pause Young (Concurrent Start) (Metadata GC Threshold)
[2024-12-02T17:25:42.267-0800][gc,task     ] GC(1) Using 10 workers of 10 for evacuation
[2024-12-02T17:25:42.268-0800][gc,phases   ] GC(1)   Pre Evacuate Collection Set: 0.1ms
[2024-12-02T17:25:42.268-0800][gc,phases   ] GC(1)   Merge Heap Roots: 0.0ms
[2024-12-02T17:25:42.268-0800][gc,phases   ] GC(1)   Evacuate Collection Set: 1.1ms
[2024-12-02T17:25:42.268-0800][gc,phases   ] GC(1)   Post Evacuate Collection Set: 0.2ms
[2024-12-02T17:25:42.268-0800][gc,phases   ] GC(1)   Other: 0.1ms
[2024-12-02T17:25:42.268-0800][gc,heap     ] GC(1) Eden regions: 13->0(49)
[2024-12-02T17:25:42.268-0800][gc,heap     ] GC(1) Survivor regions: 7->2(7)
[2024-12-02T17:25:42.268-0800][gc,heap     ] GC(1) Old regions: 2->9
[2024-12-02T17:25:42.268-0800][gc,heap     ] GC(1) Archive regions: 2->2
[2024-12-02T17:25:42.268-0800][gc,heap     ] GC(1) Humongous regions: 129->129
[2024-12-02T17:25:42.268-0800][gc,metaspace] GC(1) Metaspace: 21263K(21504K)->21263K(21504K) NonClass: 18391K(18496K)->18391K(18496K) Class: 2871K(3008K)->2871K(3008K)
[2024-12-02T17:25:42.269-0800][gc          ] GC(1) Pause Young (Concurrent Start) (Metadata GC Threshold) 151M->140M(1024M) 1.513ms
[2024-12-02T17:25:42.269-0800][gc,cpu      ] GC(1) User=0.01s Sys=0.00s Real=0.00s
[2024-12-02T17:25:42.269-0800][gc          ] GC(2) Concurrent Mark Cycle
[2024-12-02T17:25:42.269-0800][gc,marking  ] GC(2) Concurrent Clear Claimed Marks
[2024-12-02T17:25:42.269-0800][gc,marking  ] GC(2) Concurrent Clear Claimed Marks 0.007ms
[2024-12-02T17:25:42.269-0800][gc,marking  ] GC(2) Concurrent Scan Root Regions
[2024-12-02T17:25:42.269-0800][gc,marking  ] GC(2) Concurrent Scan Root Regions 0.598ms
[2024-12-02T17:25:42.269-0800][gc,marking  ] GC(2) Concurrent Mark
[2024-12-02T17:25:42.269-0800][gc,marking  ] GC(2) Concurrent Mark From Roots
[2024-12-02T17:25:42.269-0800][gc,task     ] GC(2) Using 3 workers of 3 for marking
[2024-12-02T17:25:42.270-0800][gc,marking  ] GC(2) Concurrent Mark From Roots 0.752ms
[2024-12-02T17:25:42.270-0800][gc,marking  ] GC(2) Concurrent Preclean
[2024-12-02T17:25:42.270-0800][gc,marking  ] GC(2) Concurrent Preclean 0.010ms
[2024-12-02T17:25:42.270-0800][gc,start    ] GC(2) Pause Remark
[2024-12-02T17:25:42.271-0800][gc          ] GC(2) Pause Remark 140M->140M(1024M) 0.653ms
[2024-12-02T17:25:42.271-0800][gc,cpu      ] GC(2) User=0.01s Sys=0.00s Real=0.00s
[2024-12-02T17:25:42.271-0800][gc,marking  ] GC(2) Concurrent Mark 1.519ms
[2024-12-02T17:25:42.271-0800][gc,marking  ] GC(2) Concurrent Rebuild Remembered Sets
[2024-12-02T17:25:42.271-0800][gc,marking  ] GC(2) Concurrent Rebuild Remembered Sets 0.675ms
[2024-12-02T17:25:42.272-0800][gc,start    ] GC(2) Pause Cleanup
[2024-12-02T17:25:42.272-0800][gc          ] GC(2) Pause Cleanup 140M->140M(1024M) 0.056ms
[2024-12-02T17:25:42.272-0800][gc,cpu      ] GC(2) User=0.00s Sys=0.00s Real=0.00s
[2024-12-02T17:25:42.272-0800][gc,marking  ] GC(2) Concurrent Cleanup for Next Mark
[2024-12-02T17:25:42.273-0800][gc,marking  ] GC(2) Concurrent Cleanup for Next Mark 0.974ms
[2024-12-02T17:25:42.273-0800][gc          ] GC(2) Concurrent Mark Cycle 4.032ms
[2024-12-02T17:25:42.489-0800][gc,start    ] GC(3) Pause Young (Normal) (G1 Evacuation Pause)
[2024-12-02T17:25:42.489-0800][gc,task     ] GC(3) Using 10 workers of 10 for evacuation
[2024-12-02T17:25:42.490-0800][gc,phases   ] GC(3)   Pre Evacuate Collection Set: 0.1ms
[2024-12-02T17:25:42.490-0800][gc,phases   ] GC(3)   Merge Heap Roots: 0.0ms
[2024-12-02T17:25:42.490-0800][gc,phases   ] GC(3)   Evacuate Collection Set: 1.1ms
[2024-12-02T17:25:42.490-0800][gc,phases   ] GC(3)   Post Evacuate Collection Set: 0.2ms
[2024-12-02T17:25:42.490-0800][gc,phases   ] GC(3)   Other: 0.1ms
[2024-12-02T17:25:42.490-0800][gc,heap     ] GC(3) Eden regions: 49->0(44)
[2024-12-02T17:25:42.490-0800][gc,heap     ] GC(3) Survivor regions: 2->7(7)
[2024-12-02T17:25:42.490-0800][gc,heap     ] GC(3) Old regions: 9->9
[2024-12-02T17:25:42.490-0800][gc,heap     ] GC(3) Archive regions: 2->2
[2024-12-02T17:25:42.490-0800][gc,heap     ] GC(3) Humongous regions: 129->129
[2024-12-02T17:25:42.490-0800][gc,metaspace] GC(3) Metaspace: 32757K(33024K)->32757K(33024K) NonClass: 28831K(28992K)->28831K(28992K) Class: 3925K(4032K)->3925K(4032K)
[2024-12-02T17:25:42.490-0800][gc          ] GC(3) Pause Young (Normal) (G1 Evacuation Pause) 189M->144M(1024M) 1.490ms
[2024-12-02T17:25:42.490-0800][gc,cpu      ] GC(3) User=0.01s Sys=0.00s Real=0.01s
[2024-12-02T17:25:42.632-0800][gc,start    ] GC(4) Pause Young (Concurrent Start) (Metadata GC Threshold)
[2024-12-02T17:25:42.632-0800][gc,task     ] GC(4) Using 10 workers of 10 for evacuation
[2024-12-02T17:25:42.633-0800][gc,phases   ] GC(4)   Pre Evacuate Collection Set: 0.1ms
[2024-12-02T17:25:42.633-0800][gc,phases   ] GC(4)   Merge Heap Roots: 0.0ms
[2024-12-02T17:25:42.633-0800][gc,phases   ] GC(4)   Evacuate Collection Set: 1.3ms
[2024-12-02T17:25:42.633-0800][gc,phases   ] GC(4)   Post Evacuate Collection Set: 0.2ms
[2024-12-02T17:25:42.633-0800][gc,phases   ] GC(4)   Other: 0.1ms
[2024-12-02T17:25:42.633-0800][gc,heap     ] GC(4) Eden regions: 14->0(49)
[2024-12-02T17:25:42.633-0800][gc,heap     ] GC(4) Survivor regions: 7->2(7)
[2024-12-02T17:25:42.633-0800][gc,heap     ] GC(4) Old regions: 9->15
[2024-12-02T17:25:42.633-0800][gc,heap     ] GC(4) Archive regions: 2->2
[2024-12-02T17:25:42.633-0800][gc,heap     ] GC(4) Humongous regions: 129->129
[2024-12-02T17:25:42.633-0800][gc,metaspace] GC(4) Metaspace: 35888K(36160K)->35888K(36160K) NonClass: 31531K(31680K)->31531K(31680K) Class: 4357K(4480K)->4357K(4480K)
[2024-12-02T17:25:42.633-0800][gc          ] GC(4) Pause Young (Concurrent Start) (Metadata GC Threshold) 158M->145M(1024M) 1.778ms
[2024-12-02T17:25:42.633-0800][gc,cpu      ] GC(4) User=0.01s Sys=0.00s Real=0.00s
[2024-12-02T17:25:42.633-0800][gc          ] GC(5) Concurrent Mark Cycle
[2024-12-02T17:25:42.633-0800][gc,marking  ] GC(5) Concurrent Clear Claimed Marks
[2024-12-02T17:25:42.633-0800][gc,marking  ] GC(5) Concurrent Clear Claimed Marks 0.005ms
[2024-12-02T17:25:42.633-0800][gc,marking  ] GC(5) Concurrent Scan Root Regions
[2024-12-02T17:25:42.634-0800][gc,marking  ] GC(5) Concurrent Scan Root Regions 0.987ms
[2024-12-02T17:25:42.634-0800][gc,marking  ] GC(5) Concurrent Mark
[2024-12-02T17:25:42.634-0800][gc,marking  ] GC(5) Concurrent Mark From Roots
[2024-12-02T17:25:42.634-0800][gc,task     ] GC(5) Using 3 workers of 3 for marking
[2024-12-02T17:25:42.637-0800][gc,marking  ] GC(5) Concurrent Mark From Roots 2.175ms
[2024-12-02T17:25:42.637-0800][gc,marking  ] GC(5) Concurrent Preclean
[2024-12-02T17:25:42.637-0800][gc,marking  ] GC(5) Concurrent Preclean 0.029ms
[2024-12-02T17:25:42.637-0800][gc,start    ] GC(5) Pause Remark
[2024-12-02T17:25:42.637-0800][gc          ] GC(5) Pause Remark 145M->145M(1024M) 0.499ms
[2024-12-02T17:25:42.637-0800][gc,cpu      ] GC(5) User=0.01s Sys=0.01s Real=0.00s
[2024-12-02T17:25:42.637-0800][gc,marking  ] GC(5) Concurrent Mark 2.801ms
[2024-12-02T17:25:42.637-0800][gc,marking  ] GC(5) Concurrent Rebuild Remembered Sets
[2024-12-02T17:25:42.639-0800][gc,marking  ] GC(5) Concurrent Rebuild Remembered Sets 1.511ms
[2024-12-02T17:25:42.639-0800][gc,start    ] GC(5) Pause Cleanup
[2024-12-02T17:25:42.639-0800][gc          ] GC(5) Pause Cleanup 146M->146M(1024M) 0.071ms
[2024-12-02T17:25:42.639-0800][gc,cpu      ] GC(5) User=0.00s Sys=0.00s Real=0.00s
[2024-12-02T17:25:42.639-0800][gc,marking  ] GC(5) Concurrent Cleanup for Next Mark
[2024-12-02T17:25:42.640-0800][gc,marking  ] GC(5) Concurrent Cleanup for Next Mark 0.874ms
[2024-12-02T17:25:42.640-0800][gc          ] GC(5) Concurrent Mark Cycle 6.377ms
[2024-12-02T17:32:25.334-0800][gc,start    ] GC(6) Pause Young (Prepare Mixed) (G1 Evacuation Pause)
[2024-12-02T17:32:25.335-0800][gc,task     ] GC(6) Using 10 workers of 10 for evacuation
[2024-12-02T17:32:25.342-0800][gc,phases   ] GC(6)   Pre Evacuate Collection Set: 0.3ms
[2024-12-02T17:32:25.342-0800][gc,phases   ] GC(6)   Merge Heap Roots: 0.2ms
[2024-12-02T17:32:25.342-0800][gc,phases   ] GC(6)   Evacuate Collection Set: 6.8ms
[2024-12-02T17:32:25.342-0800][gc,phases   ] GC(6)   Post Evacuate Collection Set: 0.5ms
[2024-12-02T17:32:25.343-0800][gc,phases   ] GC(6)   Other: 0.6ms
[2024-12-02T17:32:25.343-0800][gc,heap     ] GC(6) Eden regions: 49->0(46)
[2024-12-02T17:32:25.343-0800][gc,heap     ] GC(6) Survivor regions: 2->5(7)
[2024-12-02T17:32:25.343-0800][gc,heap     ] GC(6) Old regions: 15->15
[2024-12-02T17:32:25.343-0800][gc,heap     ] GC(6) Archive regions: 2->2
[2024-12-02T17:32:25.343-0800][gc,heap     ] GC(6) Humongous regions: 129->129
[2024-12-02T17:32:25.343-0800][gc,metaspace] GC(6) Metaspace: 42064K(42560K)->42064K(42560K) NonClass: 36774K(37056K)->36774K(37056K) Class: 5289K(5504K)->5289K(5504K)
[2024-12-02T17:32:25.343-0800][gc          ] GC(6) Pause Young (Prepare Mixed) (G1 Evacuation Pause) 194M->148M(1024M) 8.289ms
[2024-12-02T17:32:25.343-0800][gc,cpu      ] GC(6) User=0.03s Sys=0.01s Real=0.01s
[2024-12-02T17:37:29.830-0800][gc,start    ] GC(7) Pause Young (Mixed) (G1 Evacuation Pause)
[2024-12-02T17:37:29.830-0800][gc,task     ] GC(7) Using 10 workers of 10 for evacuation
[2024-12-02T17:37:29.832-0800][gc,phases   ] GC(7)   Pre Evacuate Collection Set: 0.1ms
[2024-12-02T17:37:29.832-0800][gc,phases   ] GC(7)   Merge Heap Roots: 0.1ms
[2024-12-02T17:37:29.832-0800][gc,phases   ] GC(7)   Evacuate Collection Set: 1.4ms
[2024-12-02T17:37:29.832-0800][gc,phases   ] GC(7)   Post Evacuate Collection Set: 0.2ms
[2024-12-02T17:37:29.832-0800][gc,phases   ] GC(7)   Other: 0.1ms
[2024-12-02T17:37:29.832-0800][gc,heap     ] GC(7) Eden regions: 46->0(47)
[2024-12-02T17:37:29.832-0800][gc,heap     ] GC(7) Survivor regions: 5->4(7)
[2024-12-02T17:37:29.832-0800][gc,heap     ] GC(7) Old regions: 15->17
[2024-12-02T17:37:29.832-0800][gc,heap     ] GC(7) Archive regions: 2->2
[2024-12-02T17:37:29.832-0800][gc,heap     ] GC(7) Humongous regions: 129->129
[2024-12-02T17:37:29.832-0800][gc,metaspace] GC(7) Metaspace: 42762K(43264K)->42762K(43264K) NonClass: 37359K(37632K)->37359K(37632K) Class: 5403K(5632K)->5403K(5632K)
[2024-12-02T17:37:29.832-0800][gc          ] GC(7) Pause Young (Mixed) (G1 Evacuation Pause) 194M->150M(1024M) 1.854ms
[2024-12-02T17:37:29.832-0800][gc,cpu      ] GC(7) User=0.02s Sys=0.00s Real=0.00s
[2024-12-02T17:41:35.178-0800][gc,start    ] GC(8) Pause Young (Normal) (G1 Evacuation Pause)
[2024-12-02T17:41:35.178-0800][gc,task     ] GC(8) Using 10 workers of 10 for evacuation
[2024-12-02T17:41:35.189-0800][gc,phases   ] GC(8)   Pre Evacuate Collection Set: 0.3ms
[2024-12-02T17:41:35.189-0800][gc,phases   ] GC(8)   Merge Heap Roots: 0.2ms
[2024-12-02T17:41:35.189-0800][gc,phases   ] GC(8)   Evacuate Collection Set: 9.2ms
[2024-12-02T17:41:35.189-0800][gc,phases   ] GC(8)   Post Evacuate Collection Set: 0.6ms
[2024-12-02T17:41:35.189-0800][gc,phases   ] GC(8)   Other: 0.4ms
[2024-12-02T17:41:35.189-0800][gc,heap     ] GC(8) Eden regions: 47->0(45)
[2024-12-02T17:41:35.189-0800][gc,heap     ] GC(8) Survivor regions: 4->6(7)
[2024-12-02T17:41:35.189-0800][gc,heap     ] GC(8) Old regions: 17->17
[2024-12-02T17:41:35.189-0800][gc,heap     ] GC(8) Archive regions: 2->2
[2024-12-02T17:41:35.189-0800][gc,heap     ] GC(8) Humongous regions: 129->129
[2024-12-02T17:41:35.189-0800][gc,metaspace] GC(8) Metaspace: 44397K(44992K)->44397K(44992K) NonClass: 38705K(39040K)->38705K(39040K) Class: 5692K(5952K)->5692K(5952K)
[2024-12-02T17:41:35.189-0800][gc          ] GC(8) Pause Young (Normal) (G1 Evacuation Pause) 197M->151M(1024M) 10.983ms
[2024-12-02T17:41:35.189-0800][gc,cpu      ] GC(8) User=0.03s Sys=0.00s Real=0.01s
[2024-12-02T17:47:09.308-0800][gc,start    ] GC(9) Pause Young (Normal) (G1 Evacuation Pause)
[2024-12-02T17:47:09.308-0800][gc,task     ] GC(9) Using 10 workers of 10 for evacuation
[2024-12-02T17:47:09.310-0800][gc,phases   ] GC(9)   Pre Evacuate Collection Set: 0.1ms
[2024-12-02T17:47:09.310-0800][gc,phases   ] GC(9)   Merge Heap Roots: 0.1ms
[2024-12-02T17:47:09.310-0800][gc,phases   ] GC(9)   Evacuate Collection Set: 1.4ms
[2024-12-02T17:47:09.310-0800][gc,phases   ] GC(9)   Post Evacuate Collection Set: 0.2ms
[2024-12-02T17:47:09.310-0800][gc,phases   ] GC(9)   Other: 0.1ms
[2024-12-02T17:47:09.310-0800][gc,heap     ] GC(9) Eden regions: 45->0(48)
[2024-12-02T17:47:09.310-0800][gc,heap     ] GC(9) Survivor regions: 6->6(7)
[2024-12-02T17:47:09.310-0800][gc,heap     ] GC(9) Old regions: 17->19
[2024-12-02T17:47:09.310-0800][gc,heap     ] GC(9) Archive regions: 2->2
[2024-12-02T17:47:09.310-0800][gc,heap     ] GC(9) Humongous regions: 129->129
[2024-12-02T17:47:09.310-0800][gc,metaspace] GC(9) Metaspace: 44693K(45248K)->44693K(45248K) NonClass: 38961K(39296K)->38961K(39296K) Class: 5732K(5952K)->5732K(5952K)
[2024-12-02T17:47:09.310-0800][gc          ] GC(9) Pause Young (Normal) (G1 Evacuation Pause) 196M->153M(1024M) 1.872ms
[2024-12-02T17:47:09.310-0800][gc,cpu      ] GC(9) User=0.02s Sys=0.00s Real=0.01s
[2024-12-02T17:54:04.229-0800][gc,start    ] GC(10) Pause Young (Normal) (G1 Evacuation Pause)
[2024-12-02T17:54:04.229-0800][gc,task     ] GC(10) Using 10 workers of 10 for evacuation
[2024-12-02T17:54:04.241-0800][gc,phases   ] GC(10)   Pre Evacuate Collection Set: 0.4ms
[2024-12-02T17:54:04.242-0800][gc,phases   ] GC(10)   Merge Heap Roots: 0.2ms
[2024-12-02T17:54:04.242-0800][gc,phases   ] GC(10)   Evacuate Collection Set: 11.0ms
[2024-12-02T17:54:04.242-0800][gc,phases   ] GC(10)   Post Evacuate Collection Set: 0.3ms
[2024-12-02T17:54:04.242-0800][gc,phases   ] GC(10)   Other: 0.4ms
[2024-12-02T17:54:04.242-0800][gc,heap     ] GC(10) Eden regions: 46->0(52)
[2024-12-02T17:54:04.242-0800][gc,heap     ] GC(10) Survivor regions: 6->7(7)
[2024-12-02T17:54:04.242-0800][gc,heap     ] GC(10) Old regions: 19->21
[2024-12-02T17:54:04.242-0800][gc,heap     ] GC(10) Archive regions: 2->2
[2024-12-02T17:54:04.242-0800][gc,heap     ] GC(10) Humongous regions: 129->129
[2024-12-02T17:54:04.242-0800][gc,metaspace] GC(10) Metaspace: 44719K(45248K)->44719K(45248K) NonClass: 38986K(39296K)->38986K(39296K) Class: 5733K(5952K)->5733K(5952K)
[2024-12-02T17:54:04.242-0800][gc          ] GC(10) Pause Young (Normal) (G1 Evacuation Pause) 199M->157M(1024M) 12.334ms
[2024-12-02T17:54:04.242-0800][gc,cpu      ] GC(10) User=0.05s Sys=0.01s Real=0.02s
[2024-12-02T18:00:32.874-0800][gc,start    ] GC(11) Pause Young (Normal) (G1 Evacuation Pause)
[2024-12-02T18:00:32.874-0800][gc,task     ] GC(11) Using 10 workers of 10 for evacuation
[2024-12-02T18:00:32.876-0800][gc,phases   ] GC(11)   Pre Evacuate Collection Set: 0.1ms
[2024-12-02T18:00:32.876-0800][gc,phases   ] GC(11)   Merge Heap Roots: 0.1ms
[2024-12-02T18:00:32.876-0800][gc,phases   ] GC(11)   Evacuate Collection Set: 1.8ms
[2024-12-02T18:00:32.876-0800][gc,phases   ] GC(11)   Post Evacuate Collection Set: 0.2ms
[2024-12-02T18:00:32.876-0800][gc,phases   ] GC(11)   Other: 0.1ms
[2024-12-02T18:00:32.876-0800][gc,heap     ] GC(11) Eden regions: 50->0(96)
[2024-12-02T18:00:32.876-0800][gc,heap     ] GC(11) Survivor regions: 7->6(8)
[2024-12-02T18:00:32.876-0800][gc,heap     ] GC(11) Old regions: 21->24
[2024-12-02T18:00:32.876-0800][gc,heap     ] GC(11) Archive regions: 2->2
[2024-12-02T18:00:32.876-0800][gc,heap     ] GC(11) Humongous regions: 129->129
[2024-12-02T18:00:32.876-0800][gc,metaspace] GC(11) Metaspace: 45424K(46016K)->45424K(46016K) NonClass: 39525K(39872K)->39525K(39872K) Class: 5899K(6144K)->5899K(6144K)
[2024-12-02T18:00:32.876-0800][gc          ] GC(11) Pause Young (Normal) (G1 Evacuation Pause) 207M->159M(1024M) 2.271ms
[2024-12-02T18:00:32.876-0800][gc,cpu      ] GC(11) User=0.01s Sys=0.00s Real=0.00s
[2024-12-02T18:00:33.176-0800][gc,heap,exit] Heap
[2024-12-02T18:00:33.176-0800][gc,heap,exit]  garbage-first heap   total 1048576K, used 171481K [0x00000007c0000000, 0x0000000800000000)
[2024-12-02T18:00:33.176-0800][gc,heap,exit]   region size 1024K, 15 young (15360K), 6 survivors (6144K)
[2024-12-02T18:00:33.176-0800][gc,heap,exit]  Metaspace       used 46085K, committed 46656K, reserved 1114112K
[2024-12-02T18:00:33.176-0800][gc,heap,exit]   class space    used 6024K, committed 6272K, reserved 1048576K
