[2024-11-29T10:17:47.406-0800][gc] Using G1
[2024-11-29T10:17:47.407-0800][gc,init] Version: 17.0.11+7-LTS-207 (release)
[2024-11-29T10:17:47.407-0800][gc,init] CPUs: 12 total, 12 available
[2024-11-29T10:17:47.407-0800][gc,init] Memory: 24576M
[2024-11-29T10:17:47.407-0800][gc,init] Large Page Support: Disabled
[2024-11-29T10:17:47.407-0800][gc,init] NUMA Support: Disabled
[2024-11-29T10:17:47.407-0800][gc,init] Compressed Oops: Enabled (Zero based)
[2024-11-29T10:17:47.407-0800][gc,init] Heap Region Size: 1M
[2024-11-29T10:17:47.407-0800][gc,init] Heap Min Capacity: 1G
[2024-11-29T10:17:47.407-0800][gc,init] Heap Initial Capacity: 1G
[2024-11-29T10:17:47.407-0800][gc,init] Heap Max Capacity: 1G
[2024-11-29T10:17:47.407-0800][gc,init] Pre-touch: Disabled
[2024-11-29T10:17:47.407-0800][gc,init] Parallel Workers: 10
[2024-11-29T10:17:47.407-0800][gc,init] Concurrent Workers: 3
[2024-11-29T10:17:47.407-0800][gc,init] Concurrent Refinement Workers: 10
[2024-11-29T10:17:47.407-0800][gc,init] Periodic GC: Disabled
[2024-11-29T10:17:47.409-0800][gc,metaspace] CDS archive(s) mapped at: [0x000000c800000000-0x000000c800be0000-0x000000c800be0000), size 12451840, SharedBaseAddress: 0x000000c800000000, ArchiveRelocationMode: 1.
[2024-11-29T10:17:47.409-0800][gc,metaspace] Compressed class space mapped at: 0x000000c801000000-0x000000c841000000, reserved size: 1073741824
[2024-11-29T10:17:47.409-0800][gc,metaspace] Narrow klass base: 0x000000c800000000, Narrow klass shift: 0, Narrow klass range: 0x100000000
[2024-11-29T10:17:47.840-0800][gc,start    ] GC(0) Pause Young (Normal) (G1 Evacuation Pause)
[2024-11-29T10:17:47.840-0800][gc,task     ] GC(0) Using 10 workers of 10 for evacuation
[2024-11-29T10:17:47.843-0800][gc,phases   ] GC(0)   Pre Evacuate Collection Set: 0.4ms
[2024-11-29T10:17:47.843-0800][gc,phases   ] GC(0)   Merge Heap Roots: 0.0ms
[2024-11-29T10:17:47.843-0800][gc,phases   ] GC(0)   Evacuate Collection Set: 2.0ms
[2024-11-29T10:17:47.843-0800][gc,phases   ] GC(0)   Post Evacuate Collection Set: 0.2ms
[2024-11-29T10:17:47.843-0800][gc,phases   ] GC(0)   Other: 0.2ms
[2024-11-29T10:17:47.843-0800][gc,heap     ] GC(0) Eden regions: 51->0(44)
[2024-11-29T10:17:47.843-0800][gc,heap     ] GC(0) Survivor regions: 0->7(7)
[2024-11-29T10:17:47.843-0800][gc,heap     ] GC(0) Old regions: 0->1
[2024-11-29T10:17:47.843-0800][gc,heap     ] GC(0) Archive regions: 2->2
[2024-11-29T10:17:47.843-0800][gc,heap     ] GC(0) Humongous regions: 0->0
[2024-11-29T10:17:47.843-0800][gc,metaspace] GC(0) Metaspace: 17988K(18176K)->17988K(18176K) NonClass: 15617K(15744K)->15617K(15744K) Class: 2371K(2432K)->2371K(2432K)
[2024-11-29T10:17:47.843-0800][gc          ] GC(0) Pause Young (Normal) (G1 Evacuation Pause) 51M->8M(1024M) 3.009ms
[2024-11-29T10:17:47.843-0800][gc,cpu      ] GC(0) User=0.01s Sys=0.01s Real=0.00s
[2024-11-29T10:17:47.938-0800][gc,start    ] GC(1) Pause Young (Concurrent Start) (Metadata GC Threshold)
[2024-11-29T10:17:47.938-0800][gc,task     ] GC(1) Using 10 workers of 10 for evacuation
[2024-11-29T10:17:47.939-0800][gc,phases   ] GC(1)   Pre Evacuate Collection Set: 0.1ms
[2024-11-29T10:17:47.939-0800][gc,phases   ] GC(1)   Merge Heap Roots: 0.0ms
[2024-11-29T10:17:47.939-0800][gc,phases   ] GC(1)   Evacuate Collection Set: 1.1ms
[2024-11-29T10:17:47.939-0800][gc,phases   ] GC(1)   Post Evacuate Collection Set: 0.2ms
[2024-11-29T10:17:47.939-0800][gc,phases   ] GC(1)   Other: 0.1ms
[2024-11-29T10:17:47.939-0800][gc,heap     ] GC(1) Eden regions: 13->0(49)
[2024-11-29T10:17:47.939-0800][gc,heap     ] GC(1) Survivor regions: 7->2(7)
[2024-11-29T10:17:47.939-0800][gc,heap     ] GC(1) Old regions: 1->9
[2024-11-29T10:17:47.939-0800][gc,heap     ] GC(1) Archive regions: 2->2
[2024-11-29T10:17:47.939-0800][gc,heap     ] GC(1) Humongous regions: 129->129
[2024-11-29T10:17:47.939-0800][gc,metaspace] GC(1) Metaspace: 21301K(21504K)->21301K(21504K) NonClass: 18431K(18496K)->18431K(18496K) Class: 2870K(3008K)->2870K(3008K)
[2024-11-29T10:17:47.939-0800][gc          ] GC(1) Pause Young (Concurrent Start) (Metadata GC Threshold) 150M->139M(1024M) 1.578ms
[2024-11-29T10:17:47.939-0800][gc,cpu      ] GC(1) User=0.01s Sys=0.01s Real=0.00s
[2024-11-29T10:17:47.939-0800][gc          ] GC(2) Concurrent Mark Cycle
[2024-11-29T10:17:47.939-0800][gc,marking  ] GC(2) Concurrent Clear Claimed Marks
[2024-11-29T10:17:47.939-0800][gc,marking  ] GC(2) Concurrent Clear Claimed Marks 0.009ms
[2024-11-29T10:17:47.939-0800][gc,marking  ] GC(2) Concurrent Scan Root Regions
[2024-11-29T10:17:47.940-0800][gc,marking  ] GC(2) Concurrent Scan Root Regions 0.550ms
[2024-11-29T10:17:47.940-0800][gc,marking  ] GC(2) Concurrent Mark
[2024-11-29T10:17:47.940-0800][gc,marking  ] GC(2) Concurrent Mark From Roots
[2024-11-29T10:17:47.940-0800][gc,task     ] GC(2) Using 3 workers of 3 for marking
[2024-11-29T10:17:47.941-0800][gc,marking  ] GC(2) Concurrent Mark From Roots 0.706ms
[2024-11-29T10:17:47.941-0800][gc,marking  ] GC(2) Concurrent Preclean
[2024-11-29T10:17:47.941-0800][gc,marking  ] GC(2) Concurrent Preclean 0.013ms
[2024-11-29T10:17:47.941-0800][gc,start    ] GC(2) Pause Remark
[2024-11-29T10:17:47.941-0800][gc          ] GC(2) Pause Remark 140M->140M(1024M) 0.653ms
[2024-11-29T10:17:47.941-0800][gc,cpu      ] GC(2) User=0.01s Sys=0.00s Real=0.00s
[2024-11-29T10:17:47.941-0800][gc,marking  ] GC(2) Concurrent Mark 1.488ms
[2024-11-29T10:17:47.941-0800][gc,marking  ] GC(2) Concurrent Rebuild Remembered Sets
[2024-11-29T10:17:47.942-0800][gc,marking  ] GC(2) Concurrent Rebuild Remembered Sets 0.640ms
[2024-11-29T10:17:47.942-0800][gc,start    ] GC(2) Pause Cleanup
[2024-11-29T10:17:47.942-0800][gc          ] GC(2) Pause Cleanup 140M->140M(1024M) 0.126ms
[2024-11-29T10:17:47.942-0800][gc,cpu      ] GC(2) User=0.00s Sys=0.00s Real=0.00s
[2024-11-29T10:17:47.942-0800][gc,marking  ] GC(2) Concurrent Cleanup for Next Mark
[2024-11-29T10:17:47.943-0800][gc,marking  ] GC(2) Concurrent Cleanup for Next Mark 0.943ms
[2024-11-29T10:17:47.943-0800][gc          ] GC(2) Concurrent Mark Cycle 3.893ms
[2024-11-29T10:17:48.125-0800][gc,start    ] GC(3) Pause Young (Normal) (G1 Evacuation Pause)
[2024-11-29T10:17:48.125-0800][gc,task     ] GC(3) Using 10 workers of 10 for evacuation
[2024-11-29T10:17:48.126-0800][gc,phases   ] GC(3)   Pre Evacuate Collection Set: 0.1ms
[2024-11-29T10:17:48.126-0800][gc,phases   ] GC(3)   Merge Heap Roots: 0.0ms
[2024-11-29T10:17:48.126-0800][gc,phases   ] GC(3)   Evacuate Collection Set: 1.1ms
[2024-11-29T10:17:48.126-0800][gc,phases   ] GC(3)   Post Evacuate Collection Set: 0.2ms
[2024-11-29T10:17:48.126-0800][gc,phases   ] GC(3)   Other: 0.1ms
[2024-11-29T10:17:48.126-0800][gc,heap     ] GC(3) Eden regions: 49->0(44)
[2024-11-29T10:17:48.127-0800][gc,heap     ] GC(3) Survivor regions: 2->7(7)
[2024-11-29T10:17:48.127-0800][gc,heap     ] GC(3) Old regions: 9->9
[2024-11-29T10:17:48.127-0800][gc,heap     ] GC(3) Archive regions: 2->2
[2024-11-29T10:17:48.127-0800][gc,heap     ] GC(3) Humongous regions: 129->129
[2024-11-29T10:17:48.127-0800][gc,metaspace] GC(3) Metaspace: 32642K(32896K)->32642K(32896K) NonClass: 28730K(28864K)->28730K(28864K) Class: 3912K(4032K)->3912K(4032K)
[2024-11-29T10:17:48.127-0800][gc          ] GC(3) Pause Young (Normal) (G1 Evacuation Pause) 188M->144M(1024M) 1.509ms
[2024-11-29T10:17:48.127-0800][gc,cpu      ] GC(3) User=0.02s Sys=0.00s Real=0.00s
[2024-11-29T10:17:48.271-0800][gc,start    ] GC(4) Pause Young (Concurrent Start) (Metadata GC Threshold)
[2024-11-29T10:17:48.271-0800][gc,task     ] GC(4) Using 10 workers of 10 for evacuation
[2024-11-29T10:17:48.273-0800][gc,phases   ] GC(4)   Pre Evacuate Collection Set: 0.1ms
[2024-11-29T10:17:48.273-0800][gc,phases   ] GC(4)   Merge Heap Roots: 0.0ms
[2024-11-29T10:17:48.273-0800][gc,phases   ] GC(4)   Evacuate Collection Set: 1.6ms
[2024-11-29T10:17:48.273-0800][gc,phases   ] GC(4)   Post Evacuate Collection Set: 0.2ms
[2024-11-29T10:17:48.273-0800][gc,phases   ] GC(4)   Other: 0.1ms
[2024-11-29T10:17:48.273-0800][gc,heap     ] GC(4) Eden regions: 14->0(49)
[2024-11-29T10:17:48.273-0800][gc,heap     ] GC(4) Survivor regions: 7->2(7)
[2024-11-29T10:17:48.273-0800][gc,heap     ] GC(4) Old regions: 9->15
[2024-11-29T10:17:48.273-0800][gc,heap     ] GC(4) Archive regions: 2->2
[2024-11-29T10:17:48.273-0800][gc,heap     ] GC(4) Humongous regions: 129->129
[2024-11-29T10:17:48.273-0800][gc,metaspace] GC(4) Metaspace: 35907K(36160K)->35907K(36160K) NonClass: 31551K(31680K)->31551K(31680K) Class: 4355K(4480K)->4355K(4480K)
[2024-11-29T10:17:48.273-0800][gc          ] GC(4) Pause Young (Concurrent Start) (Metadata GC Threshold) 158M->145M(1024M) 2.028ms
[2024-11-29T10:17:48.273-0800][gc,cpu      ] GC(4) User=0.01s Sys=0.01s Real=0.00s
[2024-11-29T10:17:48.273-0800][gc          ] GC(5) Concurrent Mark Cycle
[2024-11-29T10:17:48.273-0800][gc,marking  ] GC(5) Concurrent Clear Claimed Marks
[2024-11-29T10:17:48.273-0800][gc,marking  ] GC(5) Concurrent Clear Claimed Marks 0.013ms
[2024-11-29T10:17:48.273-0800][gc,marking  ] GC(5) Concurrent Scan Root Regions
[2024-11-29T10:17:48.274-0800][gc,marking  ] GC(5) Concurrent Scan Root Regions 1.092ms
[2024-11-29T10:17:48.274-0800][gc,marking  ] GC(5) Concurrent Mark
[2024-11-29T10:17:48.274-0800][gc,marking  ] GC(5) Concurrent Mark From Roots
[2024-11-29T10:17:48.274-0800][gc,task     ] GC(5) Using 3 workers of 3 for marking
[2024-11-29T10:17:48.277-0800][gc,marking  ] GC(5) Concurrent Mark From Roots 2.389ms
[2024-11-29T10:17:48.277-0800][gc,marking  ] GC(5) Concurrent Preclean
[2024-11-29T10:17:48.277-0800][gc,marking  ] GC(5) Concurrent Preclean 0.031ms
[2024-11-29T10:17:48.277-0800][gc,start    ] GC(5) Pause Remark
[2024-11-29T10:17:48.278-0800][gc          ] GC(5) Pause Remark 145M->145M(1024M) 0.625ms
[2024-11-29T10:17:48.278-0800][gc,cpu      ] GC(5) User=0.00s Sys=0.00s Real=0.00s
[2024-11-29T10:17:48.278-0800][gc,marking  ] GC(5) Concurrent Mark 3.169ms
[2024-11-29T10:17:48.278-0800][gc,marking  ] GC(5) Concurrent Rebuild Remembered Sets
[2024-11-29T10:17:48.279-0800][gc,marking  ] GC(5) Concurrent Rebuild Remembered Sets 1.678ms
[2024-11-29T10:17:48.279-0800][gc,start    ] GC(5) Pause Cleanup
[2024-11-29T10:17:48.279-0800][gc          ] GC(5) Pause Cleanup 145M->145M(1024M) 0.092ms
[2024-11-29T10:17:48.279-0800][gc,cpu      ] GC(5) User=0.00s Sys=0.00s Real=0.00s
[2024-11-29T10:17:48.279-0800][gc,marking  ] GC(5) Concurrent Cleanup for Next Mark
[2024-11-29T10:17:48.280-0800][gc,marking  ] GC(5) Concurrent Cleanup for Next Mark 1.041ms
[2024-11-29T10:17:48.280-0800][gc          ] GC(5) Concurrent Mark Cycle 7.246ms
[2024-11-29T10:24:21.475-0800][gc,start    ] GC(6) Pause Young (Prepare Mixed) (G1 Evacuation Pause)
[2024-11-29T10:24:21.476-0800][gc,task     ] GC(6) Using 10 workers of 10 for evacuation
[2024-11-29T10:24:21.479-0800][gc,phases   ] GC(6)   Pre Evacuate Collection Set: 0.3ms
[2024-11-29T10:24:21.479-0800][gc,phases   ] GC(6)   Merge Heap Roots: 0.1ms
[2024-11-29T10:24:21.479-0800][gc,phases   ] GC(6)   Evacuate Collection Set: 2.1ms
[2024-11-29T10:24:21.479-0800][gc,phases   ] GC(6)   Post Evacuate Collection Set: 0.5ms
[2024-11-29T10:24:21.479-0800][gc,phases   ] GC(6)   Other: 0.6ms
[2024-11-29T10:24:21.479-0800][gc,heap     ] GC(6) Eden regions: 49->0(46)
[2024-11-29T10:24:21.479-0800][gc,heap     ] GC(6) Survivor regions: 2->5(7)
[2024-11-29T10:24:21.479-0800][gc,heap     ] GC(6) Old regions: 15->15
[2024-11-29T10:24:21.479-0800][gc,heap     ] GC(6) Archive regions: 2->2
[2024-11-29T10:24:21.479-0800][gc,heap     ] GC(6) Humongous regions: 129->129
[2024-11-29T10:24:21.479-0800][gc,metaspace] GC(6) Metaspace: 42457K(43008K)->42457K(43008K) NonClass: 36949K(37248K)->36949K(37248K) Class: 5507K(5760K)->5507K(5760K)
[2024-11-29T10:24:21.479-0800][gc          ] GC(6) Pause Young (Prepare Mixed) (G1 Evacuation Pause) 194M->148M(1024M) 3.590ms
[2024-11-29T10:24:21.479-0800][gc,cpu      ] GC(6) User=0.02s Sys=0.00s Real=0.00s
[2024-11-29T10:36:51.660-0800][gc,start    ] GC(7) Pause Young (Mixed) (G1 Evacuation Pause)
[2024-11-29T10:36:51.660-0800][gc,task     ] GC(7) Using 10 workers of 10 for evacuation
[2024-11-29T10:36:51.668-0800][gc,phases   ] GC(7)   Pre Evacuate Collection Set: 0.2ms
[2024-11-29T10:36:51.668-0800][gc,phases   ] GC(7)   Merge Heap Roots: 0.1ms
[2024-11-29T10:36:51.668-0800][gc,phases   ] GC(7)   Evacuate Collection Set: 7.4ms
[2024-11-29T10:36:51.668-0800][gc,phases   ] GC(7)   Post Evacuate Collection Set: 0.4ms
[2024-11-29T10:36:51.668-0800][gc,phases   ] GC(7)   Other: 0.3ms
[2024-11-29T10:36:51.668-0800][gc,heap     ] GC(7) Eden regions: 46->0(45)
[2024-11-29T10:36:51.668-0800][gc,heap     ] GC(7) Survivor regions: 5->6(7)
[2024-11-29T10:36:51.668-0800][gc,heap     ] GC(7) Old regions: 15->15
[2024-11-29T10:36:51.668-0800][gc,heap     ] GC(7) Archive regions: 2->2
[2024-11-29T10:36:51.668-0800][gc,heap     ] GC(7) Humongous regions: 129->129
[2024-11-29T10:36:51.668-0800][gc,metaspace] GC(7) Metaspace: 43550K(44096K)->43550K(44096K) NonClass: 38003K(38336K)->38003K(38336K) Class: 5546K(5760K)->5546K(5760K)
[2024-11-29T10:36:51.668-0800][gc          ] GC(7) Pause Young (Mixed) (G1 Evacuation Pause) 194M->149M(1024M) 8.611ms
[2024-11-29T10:36:51.669-0800][gc,cpu      ] GC(7) User=0.03s Sys=0.01s Real=0.00s
[2024-11-29T10:48:11.639-0800][gc,start    ] GC(8) Pause Young (Normal) (G1 Evacuation Pause)
[2024-11-29T10:48:11.639-0800][gc,task     ] GC(8) Using 10 workers of 10 for evacuation
[2024-11-29T10:48:11.650-0800][gc,phases   ] GC(8)   Pre Evacuate Collection Set: 0.4ms
[2024-11-29T10:48:11.650-0800][gc,phases   ] GC(8)   Merge Heap Roots: 0.2ms
[2024-11-29T10:48:11.650-0800][gc,phases   ] GC(8)   Evacuate Collection Set: 10.1ms
[2024-11-29T10:48:11.650-0800][gc,phases   ] GC(8)   Post Evacuate Collection Set: 0.6ms
[2024-11-29T10:48:11.650-0800][gc,phases   ] GC(8)   Other: 0.4ms
[2024-11-29T10:48:11.650-0800][gc,heap     ] GC(8) Eden regions: 45->0(50)
[2024-11-29T10:48:11.650-0800][gc,heap     ] GC(8) Survivor regions: 6->3(7)
[2024-11-29T10:48:11.650-0800][gc,heap     ] GC(8) Old regions: 15->18
[2024-11-29T10:48:11.650-0800][gc,heap     ] GC(8) Archive regions: 2->2
[2024-11-29T10:48:11.650-0800][gc,heap     ] GC(8) Humongous regions: 129->129
[2024-11-29T10:48:11.650-0800][gc,metaspace] GC(8) Metaspace: 43882K(44416K)->43882K(44416K) NonClass: 38300K(38592K)->38300K(38592K) Class: 5582K(5824K)->5582K(5824K)
[2024-11-29T10:48:11.650-0800][gc          ] GC(8) Pause Young (Normal) (G1 Evacuation Pause) 194M->150M(1024M) 11.896ms
[2024-11-29T10:48:11.650-0800][gc,cpu      ] GC(8) User=0.04s Sys=0.00s Real=0.02s
[2024-11-29T10:53:03.524-0800][gc,heap,exit] Heap
[2024-11-29T10:53:03.524-0800][gc,heap,exit]  garbage-first heap   total 1048576K, used 181737K [0x00000007c0000000, 0x0000000800000000)
[2024-11-29T10:53:03.524-0800][gc,heap,exit]   region size 1024K, 30 young (30720K), 3 survivors (3072K)
[2024-11-29T10:53:03.524-0800][gc,heap,exit]  Metaspace       used 44782K, committed 45376K, reserved 1114112K
[2024-11-29T10:53:03.524-0800][gc,heap,exit]   class space    used 5766K, committed 6016K, reserved 1048576K
