[2024-11-29T11:01:38.347-0800][gc] Using G1
[2024-11-29T11:01:38.348-0800][gc,init] Version: 17.0.11+7-LTS-207 (release)
[2024-11-29T11:01:38.348-0800][gc,init] CPUs: 12 total, 12 available
[2024-11-29T11:01:38.348-0800][gc,init] Memory: 24576M
[2024-11-29T11:01:38.348-0800][gc,init] Large Page Support: Disabled
[2024-11-29T11:01:38.348-0800][gc,init] NUMA Support: Disabled
[2024-11-29T11:01:38.348-0800][gc,init] Compressed Oops: Enabled (Zero based)
[2024-11-29T11:01:38.348-0800][gc,init] Heap Region Size: 1M
[2024-11-29T11:01:38.348-0800][gc,init] Heap Min Capacity: 1G
[2024-11-29T11:01:38.348-0800][gc,init] Heap Initial Capacity: 1G
[2024-11-29T11:01:38.348-0800][gc,init] Heap Max Capacity: 1G
[2024-11-29T11:01:38.348-0800][gc,init] Pre-touch: Disabled
[2024-11-29T11:01:38.349-0800][gc,init] Parallel Workers: 10
[2024-11-29T11:01:38.349-0800][gc,init] Concurrent Workers: 3
[2024-11-29T11:01:38.349-0800][gc,init] Concurrent Refinement Workers: 10
[2024-11-29T11:01:38.349-0800][gc,init] Periodic GC: Disabled
[2024-11-29T11:01:38.351-0800][gc,metaspace] CDS archive(s) mapped at: [0x0000007000000000-0x0000007000be0000-0x0000007000be0000), size 12451840, SharedBaseAddress: 0x0000007000000000, ArchiveRelocationMode: 1.
[2024-11-29T11:01:38.351-0800][gc,metaspace] Compressed class space mapped at: 0x0000007001000000-0x0000007041000000, reserved size: 1073741824
[2024-11-29T11:01:38.351-0800][gc,metaspace] Narrow klass base: 0x0000007000000000, Narrow klass shift: 0, Narrow klass range: 0x100000000
[2024-11-29T11:01:38.780-0800][gc,start    ] GC(0) Pause Young (Normal) (G1 Evacuation Pause)
[2024-11-29T11:01:38.780-0800][gc,task     ] GC(0) Using 10 workers of 10 for evacuation
[2024-11-29T11:01:38.783-0800][gc,phases   ] GC(0)   Pre Evacuate Collection Set: 0.1ms
[2024-11-29T11:01:38.783-0800][gc,phases   ] GC(0)   Merge Heap Roots: 0.3ms
[2024-11-29T11:01:38.783-0800][gc,phases   ] GC(0)   Evacuate Collection Set: 2.1ms
[2024-11-29T11:01:38.783-0800][gc,phases   ] GC(0)   Post Evacuate Collection Set: 0.2ms
[2024-11-29T11:01:38.783-0800][gc,phases   ] GC(0)   Other: 0.3ms
[2024-11-29T11:01:38.783-0800][gc,heap     ] GC(0) Eden regions: 51->0(44)
[2024-11-29T11:01:38.783-0800][gc,heap     ] GC(0) Survivor regions: 0->7(7)
[2024-11-29T11:01:38.783-0800][gc,heap     ] GC(0) Old regions: 0->2
[2024-11-29T11:01:38.783-0800][gc,heap     ] GC(0) Archive regions: 2->2
[2024-11-29T11:01:38.783-0800][gc,heap     ] GC(0) Humongous regions: 0->0
[2024-11-29T11:01:38.783-0800][gc,metaspace] GC(0) Metaspace: 17991K(18176K)->17991K(18176K) NonClass: 15619K(15744K)->15619K(15744K) Class: 2371K(2432K)->2371K(2432K)
[2024-11-29T11:01:38.783-0800][gc          ] GC(0) Pause Young (Normal) (G1 Evacuation Pause) 51M->9M(1024M) 3.077ms
[2024-11-29T11:01:38.783-0800][gc,cpu      ] GC(0) User=0.02s Sys=0.00s Real=0.00s
[2024-11-29T11:01:38.880-0800][gc,start    ] GC(1) Pause Young (Concurrent Start) (Metadata GC Threshold)
[2024-11-29T11:01:38.880-0800][gc,task     ] GC(1) Using 10 workers of 10 for evacuation
[2024-11-29T11:01:38.882-0800][gc,phases   ] GC(1)   Pre Evacuate Collection Set: 0.1ms
[2024-11-29T11:01:38.882-0800][gc,phases   ] GC(1)   Merge Heap Roots: 0.0ms
[2024-11-29T11:01:38.882-0800][gc,phases   ] GC(1)   Evacuate Collection Set: 1.1ms
[2024-11-29T11:01:38.882-0800][gc,phases   ] GC(1)   Post Evacuate Collection Set: 0.2ms
[2024-11-29T11:01:38.882-0800][gc,phases   ] GC(1)   Other: 0.1ms
[2024-11-29T11:01:38.882-0800][gc,heap     ] GC(1) Eden regions: 13->0(49)
[2024-11-29T11:01:38.882-0800][gc,heap     ] GC(1) Survivor regions: 7->2(7)
[2024-11-29T11:01:38.882-0800][gc,heap     ] GC(1) Old regions: 2->8
[2024-11-29T11:01:38.882-0800][gc,heap     ] GC(1) Archive regions: 2->2
[2024-11-29T11:01:38.882-0800][gc,heap     ] GC(1) Humongous regions: 129->129
[2024-11-29T11:01:38.882-0800][gc,metaspace] GC(1) Metaspace: 21295K(21504K)->21295K(21504K) NonClass: 18424K(18496K)->18424K(18496K) Class: 2870K(3008K)->2870K(3008K)
[2024-11-29T11:01:38.882-0800][gc          ] GC(1) Pause Young (Concurrent Start) (Metadata GC Threshold) 151M->139M(1024M) 1.487ms
[2024-11-29T11:01:38.882-0800][gc,cpu      ] GC(1) User=0.01s Sys=0.01s Real=0.00s
[2024-11-29T11:01:38.882-0800][gc          ] GC(2) Concurrent Mark Cycle
[2024-11-29T11:01:38.882-0800][gc,marking  ] GC(2) Concurrent Clear Claimed Marks
[2024-11-29T11:01:38.882-0800][gc,marking  ] GC(2) Concurrent Clear Claimed Marks 0.007ms
[2024-11-29T11:01:38.882-0800][gc,marking  ] GC(2) Concurrent Scan Root Regions
[2024-11-29T11:01:38.882-0800][gc,marking  ] GC(2) Concurrent Scan Root Regions 0.625ms
[2024-11-29T11:01:38.883-0800][gc,marking  ] GC(2) Concurrent Mark
[2024-11-29T11:01:38.883-0800][gc,marking  ] GC(2) Concurrent Mark From Roots
[2024-11-29T11:01:38.883-0800][gc,task     ] GC(2) Using 3 workers of 3 for marking
[2024-11-29T11:01:38.883-0800][gc,marking  ] GC(2) Concurrent Mark From Roots 0.761ms
[2024-11-29T11:01:38.883-0800][gc,marking  ] GC(2) Concurrent Preclean
[2024-11-29T11:01:38.883-0800][gc,marking  ] GC(2) Concurrent Preclean 0.010ms
[2024-11-29T11:01:38.883-0800][gc,start    ] GC(2) Pause Remark
[2024-11-29T11:01:38.884-0800][gc          ] GC(2) Pause Remark 140M->140M(1024M) 0.651ms
[2024-11-29T11:01:38.884-0800][gc,cpu      ] GC(2) User=0.00s Sys=0.00s Real=0.00s
[2024-11-29T11:01:38.884-0800][gc,marking  ] GC(2) Concurrent Mark 1.550ms
[2024-11-29T11:01:38.884-0800][gc,marking  ] GC(2) Concurrent Rebuild Remembered Sets
[2024-11-29T11:01:38.884-0800][gc,marking  ] GC(2) Concurrent Rebuild Remembered Sets 0.003ms
[2024-11-29T11:01:38.884-0800][gc,start    ] GC(2) Pause Cleanup
[2024-11-29T11:01:38.884-0800][gc          ] GC(2) Pause Cleanup 140M->140M(1024M) 0.009ms
[2024-11-29T11:01:38.884-0800][gc,cpu      ] GC(2) User=0.00s Sys=0.00s Real=0.00s
[2024-11-29T11:01:38.884-0800][gc,marking  ] GC(2) Concurrent Cleanup for Next Mark
[2024-11-29T11:01:38.885-0800][gc,marking  ] GC(2) Concurrent Cleanup for Next Mark 1.006ms
[2024-11-29T11:01:38.885-0800][gc          ] GC(2) Concurrent Mark Cycle 3.324ms
[2024-11-29T11:01:39.076-0800][gc,start    ] GC(3) Pause Young (Normal) (G1 Evacuation Pause)
[2024-11-29T11:01:39.076-0800][gc,task     ] GC(3) Using 10 workers of 10 for evacuation
[2024-11-29T11:01:39.077-0800][gc,phases   ] GC(3)   Pre Evacuate Collection Set: 0.1ms
[2024-11-29T11:01:39.077-0800][gc,phases   ] GC(3)   Merge Heap Roots: 0.0ms
[2024-11-29T11:01:39.077-0800][gc,phases   ] GC(3)   Evacuate Collection Set: 1.1ms
[2024-11-29T11:01:39.077-0800][gc,phases   ] GC(3)   Post Evacuate Collection Set: 0.1ms
[2024-11-29T11:01:39.077-0800][gc,phases   ] GC(3)   Other: 0.1ms
[2024-11-29T11:01:39.077-0800][gc,heap     ] GC(3) Eden regions: 49->0(44)
[2024-11-29T11:01:39.077-0800][gc,heap     ] GC(3) Survivor regions: 2->7(7)
[2024-11-29T11:01:39.077-0800][gc,heap     ] GC(3) Old regions: 8->8
[2024-11-29T11:01:39.077-0800][gc,heap     ] GC(3) Archive regions: 2->2
[2024-11-29T11:01:39.077-0800][gc,heap     ] GC(3) Humongous regions: 129->129
[2024-11-29T11:01:39.077-0800][gc,metaspace] GC(3) Metaspace: 32823K(33088K)->32823K(33088K) NonClass: 28895K(29056K)->28895K(29056K) Class: 3927K(4032K)->3927K(4032K)
[2024-11-29T11:01:39.077-0800][gc          ] GC(3) Pause Young (Normal) (G1 Evacuation Pause) 188M->144M(1024M) 1.496ms
[2024-11-29T11:01:39.077-0800][gc,cpu      ] GC(3) User=0.01s Sys=0.00s Real=0.00s
[2024-11-29T11:01:39.220-0800][gc,start    ] GC(4) Pause Young (Concurrent Start) (Metadata GC Threshold)
[2024-11-29T11:01:39.220-0800][gc,task     ] GC(4) Using 10 workers of 10 for evacuation
[2024-11-29T11:01:39.222-0800][gc,phases   ] GC(4)   Pre Evacuate Collection Set: 0.1ms
[2024-11-29T11:01:39.222-0800][gc,phases   ] GC(4)   Merge Heap Roots: 0.0ms
[2024-11-29T11:01:39.222-0800][gc,phases   ] GC(4)   Evacuate Collection Set: 1.3ms
[2024-11-29T11:01:39.222-0800][gc,phases   ] GC(4)   Post Evacuate Collection Set: 0.2ms
[2024-11-29T11:01:39.222-0800][gc,phases   ] GC(4)   Other: 0.1ms
[2024-11-29T11:01:39.222-0800][gc,heap     ] GC(4) Eden regions: 14->0(49)
[2024-11-29T11:01:39.222-0800][gc,heap     ] GC(4) Survivor regions: 7->2(7)
[2024-11-29T11:01:39.222-0800][gc,heap     ] GC(4) Old regions: 8->15
[2024-11-29T11:01:39.222-0800][gc,heap     ] GC(4) Archive regions: 2->2
[2024-11-29T11:01:39.222-0800][gc,heap     ] GC(4) Humongous regions: 129->129
[2024-11-29T11:01:39.222-0800][gc,metaspace] GC(4) Metaspace: 35940K(36160K)->35940K(36160K) NonClass: 31582K(31680K)->31582K(31680K) Class: 4358K(4480K)->4358K(4480K)
[2024-11-29T11:01:39.222-0800][gc          ] GC(4) Pause Young (Concurrent Start) (Metadata GC Threshold) 157M->145M(1024M) 1.763ms
[2024-11-29T11:01:39.222-0800][gc,cpu      ] GC(4) User=0.01s Sys=0.00s Real=0.00s
[2024-11-29T11:01:39.222-0800][gc          ] GC(5) Concurrent Mark Cycle
[2024-11-29T11:01:39.222-0800][gc,marking  ] GC(5) Concurrent Clear Claimed Marks
[2024-11-29T11:01:39.222-0800][gc,marking  ] GC(5) Concurrent Clear Claimed Marks 0.009ms
[2024-11-29T11:01:39.222-0800][gc,marking  ] GC(5) Concurrent Scan Root Regions
[2024-11-29T11:01:39.223-0800][gc,marking  ] GC(5) Concurrent Scan Root Regions 0.997ms
[2024-11-29T11:01:39.223-0800][gc,marking  ] GC(5) Concurrent Mark
[2024-11-29T11:01:39.223-0800][gc,marking  ] GC(5) Concurrent Mark From Roots
[2024-11-29T11:01:39.223-0800][gc,task     ] GC(5) Using 3 workers of 3 for marking
[2024-11-29T11:01:39.225-0800][gc,marking  ] GC(5) Concurrent Mark From Roots 1.912ms
[2024-11-29T11:01:39.225-0800][gc,marking  ] GC(5) Concurrent Preclean
[2024-11-29T11:01:39.225-0800][gc,marking  ] GC(5) Concurrent Preclean 0.034ms
[2024-11-29T11:01:39.225-0800][gc,start    ] GC(5) Pause Remark
[2024-11-29T11:01:39.226-0800][gc          ] GC(5) Pause Remark 145M->145M(1024M) 0.652ms
[2024-11-29T11:01:39.226-0800][gc,cpu      ] GC(5) User=0.00s Sys=0.00s Real=0.00s
[2024-11-29T11:01:39.226-0800][gc,marking  ] GC(5) Concurrent Mark 2.720ms
[2024-11-29T11:01:39.226-0800][gc,marking  ] GC(5) Concurrent Rebuild Remembered Sets
[2024-11-29T11:01:39.227-0800][gc,marking  ] GC(5) Concurrent Rebuild Remembered Sets 1.525ms
[2024-11-29T11:01:39.227-0800][gc,start    ] GC(5) Pause Cleanup
[2024-11-29T11:01:39.227-0800][gc          ] GC(5) Pause Cleanup 145M->145M(1024M) 0.066ms
[2024-11-29T11:01:39.227-0800][gc,cpu      ] GC(5) User=0.00s Sys=0.00s Real=0.00s
[2024-11-29T11:01:39.227-0800][gc,marking  ] GC(5) Concurrent Cleanup for Next Mark
[2024-11-29T11:01:39.228-0800][gc,marking  ] GC(5) Concurrent Cleanup for Next Mark 0.952ms
[2024-11-29T11:01:39.228-0800][gc          ] GC(5) Concurrent Mark Cycle 6.481ms
[2024-11-29T11:18:08.810-0800][gc,start    ] GC(6) Pause Young (Prepare Mixed) (G1 Evacuation Pause)
[2024-11-29T11:18:08.811-0800][gc,task     ] GC(6) Using 10 workers of 10 for evacuation
[2024-11-29T11:18:08.817-0800][gc,phases   ] GC(6)   Pre Evacuate Collection Set: 0.2ms
[2024-11-29T11:18:08.817-0800][gc,phases   ] GC(6)   Merge Heap Roots: 0.1ms
[2024-11-29T11:18:08.817-0800][gc,phases   ] GC(6)   Evacuate Collection Set: 5.0ms
[2024-11-29T11:18:08.817-0800][gc,phases   ] GC(6)   Post Evacuate Collection Set: 0.5ms
[2024-11-29T11:18:08.817-0800][gc,phases   ] GC(6)   Other: 0.4ms
[2024-11-29T11:18:08.817-0800][gc,heap     ] GC(6) Eden regions: 49->0(47)
[2024-11-29T11:18:08.817-0800][gc,heap     ] GC(6) Survivor regions: 2->4(7)
[2024-11-29T11:18:08.817-0800][gc,heap     ] GC(6) Old regions: 15->15
[2024-11-29T11:18:08.817-0800][gc,heap     ] GC(6) Archive regions: 2->2
[2024-11-29T11:18:08.817-0800][gc,heap     ] GC(6) Humongous regions: 129->129
[2024-11-29T11:18:08.817-0800][gc,metaspace] GC(6) Metaspace: 42308K(42816K)->42308K(42816K) NonClass: 36906K(37184K)->36906K(37184K) Class: 5401K(5632K)->5401K(5632K)
[2024-11-29T11:18:08.817-0800][gc          ] GC(6) Pause Young (Prepare Mixed) (G1 Evacuation Pause) 194M->147M(1024M) 6.404ms
[2024-11-29T11:18:08.817-0800][gc,cpu      ] GC(6) User=0.02s Sys=0.00s Real=0.00s
[2024-11-29T11:24:25.123-0800][gc,heap,exit] Heap
[2024-11-29T11:24:25.123-0800][gc,heap,exit]  garbage-first heap   total 1048576K, used 187701K [0x00000007c0000000, 0x0000000800000000)
[2024-11-29T11:24:25.123-0800][gc,heap,exit]   region size 1024K, 40 young (40960K), 4 survivors (4096K)
[2024-11-29T11:24:25.123-0800][gc,heap,exit]  Metaspace       used 44160K, committed 44672K, reserved 1114112K
[2024-11-29T11:24:25.123-0800][gc,heap,exit]   class space    used 5695K, committed 5888K, reserved 1048576K
