[2024-11-28T10:22:31.967-0800][gc] Using G1
[2024-11-28T10:22:31.967-0800][gc,init] Version: 17.0.11+7-LTS-207 (release)
[2024-11-28T10:22:31.967-0800][gc,init] CPUs: 12 total, 12 available
[2024-11-28T10:22:31.967-0800][gc,init] Memory: 24576M
[2024-11-28T10:22:31.967-0800][gc,init] Large Page Support: Disabled
[2024-11-28T10:22:31.967-0800][gc,init] NUMA Support: Disabled
[2024-11-28T10:22:31.967-0800][gc,init] Compressed Oops: Enabled (Zero based)
[2024-11-28T10:22:31.967-0800][gc,init] Heap Region Size: 1M
[2024-11-28T10:22:31.967-0800][gc,init] Heap Min Capacity: 512M
[2024-11-28T10:22:31.967-0800][gc,init] Heap Initial Capacity: 512M
[2024-11-28T10:22:31.967-0800][gc,init] Heap Max Capacity: 512M
[2024-11-28T10:22:31.967-0800][gc,init] Pre-touch: Disabled
[2024-11-28T10:22:31.967-0800][gc,init] Parallel Workers: 10
[2024-11-28T10:22:31.967-0800][gc,init] Concurrent Workers: 3
[2024-11-28T10:22:31.967-0800][gc,init] Concurrent Refinement Workers: 10
[2024-11-28T10:22:31.967-0800][gc,init] Periodic GC: Disabled
[2024-11-28T10:22:31.970-0800][gc,metaspace] CDS archive(s) mapped at: [0x000000b000000000-0x000000b000be0000-0x000000b000be0000), size 12451840, SharedBaseAddress: 0x000000b000000000, ArchiveRelocationMode: 1.
[2024-11-28T10:22:31.970-0800][gc,metaspace] Compressed class space mapped at: 0x000000b001000000-0x000000b041000000, reserved size: 1073741824
[2024-11-28T10:22:31.970-0800][gc,metaspace] Narrow klass base: 0x000000b000000000, Narrow klass shift: 0, Narrow klass range: 0x100000000
[2024-11-28T10:23:55.595-0800][gc,start    ] GC(0) Pause Young (Normal) (G1 Evacuation Pause)
[2024-11-28T10:23:55.595-0800][gc,task     ] GC(0) Using 10 workers of 10 for evacuation
[2024-11-28T10:23:55.597-0800][gc,phases   ] GC(0)   Pre Evacuate Collection Set: 0.1ms
[2024-11-28T10:23:55.597-0800][gc,phases   ] GC(0)   Merge Heap Roots: 0.0ms
[2024-11-28T10:23:55.597-0800][gc,phases   ] GC(0)   Evacuate Collection Set: 1.6ms
[2024-11-28T10:23:55.597-0800][gc,phases   ] GC(0)   Post Evacuate Collection Set: 0.1ms
[2024-11-28T10:23:55.597-0800][gc,phases   ] GC(0)   Other: 0.2ms
[2024-11-28T10:23:55.597-0800][gc,heap     ] GC(0) Eden regions: 25->0(21)
[2024-11-28T10:23:55.597-0800][gc,heap     ] GC(0) Survivor regions: 0->4(4)
[2024-11-28T10:23:55.597-0800][gc,heap     ] GC(0) Old regions: 0->5
[2024-11-28T10:23:55.597-0800][gc,heap     ] GC(0) Archive regions: 2->2
[2024-11-28T10:23:55.597-0800][gc,heap     ] GC(0) Humongous regions: 0->0
[2024-11-28T10:23:55.597-0800][gc,metaspace] GC(0) Metaspace: 7762K(7936K)->7762K(7936K) NonClass: 6884K(6976K)->6884K(6976K) Class: 877K(960K)->877K(960K)
[2024-11-28T10:23:55.597-0800][gc          ] GC(0) Pause Young (Normal) (G1 Evacuation Pause) 25M->9M(512M) 2.145ms
[2024-11-28T10:23:55.597-0800][gc,cpu      ] GC(0) User=0.00s Sys=0.00s Real=0.00s
[2024-11-28T11:45:35.104-0800][gc,heap,exit] Heap
[2024-11-28T11:45:35.105-0800][gc,heap,exit]  garbage-first heap   total 524288K, used 21623K [0x00000007e0000000, 0x0000000800000000)
[2024-11-28T11:45:35.105-0800][gc,heap,exit]   region size 1024K, 16 young (16384K), 4 survivors (4096K)
[2024-11-28T11:45:35.105-0800][gc,heap,exit]  Metaspace       used 8647K, committed 8832K, reserved 1114112K
[2024-11-28T11:45:35.105-0800][gc,heap,exit]   class space    used 925K, committed 1024K, reserved 1048576K
